<?xml version="1.0" encoding="ISO-8859-1" ?>
<link_info>
   <banner>MSP430 Linker PC v21.6.1.LTS</banner>
   <copyright>Copyright (c) 2003-2018 Texas Instruments Incorporated</copyright>
   <link_time>0x68ee353c</link_time>
   <link_errors>0x0</link_errors>
   <output_file>lab_4.out</output_file>
   <entry_point>
      <name>_c_int00_noargs</name>
      <address>0x44a8</address>
   </entry_point>
   <input_file_list>
      <input_file id="fl-2">
         <path>.\</path>
         <kind>object</kind>
         <file>main.obj</file>
         <name>main.obj</name>
      </input_file>
      <input_file id="fl-3">
         <path>.\driverlib\MSP430F5xx_6xx\</path>
         <kind>object</kind>
         <file>adc10_a.obj</file>
         <name>adc10_a.obj</name>
      </input_file>
      <input_file id="fl-4">
         <path>.\driverlib\MSP430F5xx_6xx\</path>
         <kind>object</kind>
         <file>adc12_a.obj</file>
         <name>adc12_a.obj</name>
      </input_file>
      <input_file id="fl-5">
         <path>.\driverlib\MSP430F5xx_6xx\</path>
         <kind>object</kind>
         <file>aes.obj</file>
         <name>aes.obj</name>
      </input_file>
      <input_file id="fl-6">
         <path>.\driverlib\MSP430F5xx_6xx\</path>
         <kind>object</kind>
         <file>battbak.obj</file>
         <name>battbak.obj</name>
      </input_file>
      <input_file id="fl-7">
         <path>.\driverlib\MSP430F5xx_6xx\</path>
         <kind>object</kind>
         <file>comp_b.obj</file>
         <name>comp_b.obj</name>
      </input_file>
      <input_file id="fl-8">
         <path>.\driverlib\MSP430F5xx_6xx\</path>
         <kind>object</kind>
         <file>crc.obj</file>
         <name>crc.obj</name>
      </input_file>
      <input_file id="fl-9">
         <path>.\driverlib\MSP430F5xx_6xx\</path>
         <kind>object</kind>
         <file>ctsd16.obj</file>
         <name>ctsd16.obj</name>
      </input_file>
      <input_file id="fl-a">
         <path>.\driverlib\MSP430F5xx_6xx\</path>
         <kind>object</kind>
         <file>dac12_a.obj</file>
         <name>dac12_a.obj</name>
      </input_file>
      <input_file id="fl-b">
         <path>.\driverlib\MSP430F5xx_6xx\</path>
         <kind>object</kind>
         <file>dma.obj</file>
         <name>dma.obj</name>
      </input_file>
      <input_file id="fl-c">
         <path>.\driverlib\MSP430F5xx_6xx\</path>
         <kind>object</kind>
         <file>eusci_a_spi.obj</file>
         <name>eusci_a_spi.obj</name>
      </input_file>
      <input_file id="fl-d">
         <path>.\driverlib\MSP430F5xx_6xx\</path>
         <kind>object</kind>
         <file>eusci_a_uart.obj</file>
         <name>eusci_a_uart.obj</name>
      </input_file>
      <input_file id="fl-e">
         <path>.\driverlib\MSP430F5xx_6xx\</path>
         <kind>object</kind>
         <file>eusci_b_i2c.obj</file>
         <name>eusci_b_i2c.obj</name>
      </input_file>
      <input_file id="fl-f">
         <path>.\driverlib\MSP430F5xx_6xx\</path>
         <kind>object</kind>
         <file>eusci_b_spi.obj</file>
         <name>eusci_b_spi.obj</name>
      </input_file>
      <input_file id="fl-10">
         <path>.\driverlib\MSP430F5xx_6xx\</path>
         <kind>object</kind>
         <file>flashctl.obj</file>
         <name>flashctl.obj</name>
      </input_file>
      <input_file id="fl-11">
         <path>.\driverlib\MSP430F5xx_6xx\</path>
         <kind>object</kind>
         <file>gpio.obj</file>
         <name>gpio.obj</name>
      </input_file>
      <input_file id="fl-12">
         <path>.\driverlib\MSP430F5xx_6xx\</path>
         <kind>object</kind>
         <file>lcd_b.obj</file>
         <name>lcd_b.obj</name>
      </input_file>
      <input_file id="fl-13">
         <path>.\driverlib\MSP430F5xx_6xx\</path>
         <kind>object</kind>
         <file>lcd_c.obj</file>
         <name>lcd_c.obj</name>
      </input_file>
      <input_file id="fl-14">
         <path>.\driverlib\MSP430F5xx_6xx\</path>
         <kind>object</kind>
         <file>ldopwr.obj</file>
         <name>ldopwr.obj</name>
      </input_file>
      <input_file id="fl-15">
         <path>.\driverlib\MSP430F5xx_6xx\</path>
         <kind>object</kind>
         <file>mpy32.obj</file>
         <name>mpy32.obj</name>
      </input_file>
      <input_file id="fl-16">
         <path>.\driverlib\MSP430F5xx_6xx\</path>
         <kind>object</kind>
         <file>oa.obj</file>
         <name>oa.obj</name>
      </input_file>
      <input_file id="fl-17">
         <path>.\driverlib\MSP430F5xx_6xx\</path>
         <kind>object</kind>
         <file>pmap.obj</file>
         <name>pmap.obj</name>
      </input_file>
      <input_file id="fl-18">
         <path>.\driverlib\MSP430F5xx_6xx\</path>
         <kind>object</kind>
         <file>pmm.obj</file>
         <name>pmm.obj</name>
      </input_file>
      <input_file id="fl-19">
         <path>.\driverlib\MSP430F5xx_6xx\</path>
         <kind>object</kind>
         <file>ram.obj</file>
         <name>ram.obj</name>
      </input_file>
      <input_file id="fl-1a">
         <path>.\driverlib\MSP430F5xx_6xx\</path>
         <kind>object</kind>
         <file>ref.obj</file>
         <name>ref.obj</name>
      </input_file>
      <input_file id="fl-1b">
         <path>.\driverlib\MSP430F5xx_6xx\</path>
         <kind>object</kind>
         <file>rtc_a.obj</file>
         <name>rtc_a.obj</name>
      </input_file>
      <input_file id="fl-1c">
         <path>.\driverlib\MSP430F5xx_6xx\</path>
         <kind>object</kind>
         <file>rtc_b.obj</file>
         <name>rtc_b.obj</name>
      </input_file>
      <input_file id="fl-1d">
         <path>.\driverlib\MSP430F5xx_6xx\</path>
         <kind>object</kind>
         <file>rtc_c.obj</file>
         <name>rtc_c.obj</name>
      </input_file>
      <input_file id="fl-1e">
         <path>.\driverlib\MSP430F5xx_6xx\</path>
         <kind>object</kind>
         <file>sd24_b.obj</file>
         <name>sd24_b.obj</name>
      </input_file>
      <input_file id="fl-1f">
         <path>.\driverlib\MSP430F5xx_6xx\</path>
         <kind>object</kind>
         <file>sfr.obj</file>
         <name>sfr.obj</name>
      </input_file>
      <input_file id="fl-20">
         <path>.\driverlib\MSP430F5xx_6xx\</path>
         <kind>object</kind>
         <file>sysctl.obj</file>
         <name>sysctl.obj</name>
      </input_file>
      <input_file id="fl-21">
         <path>.\driverlib\MSP430F5xx_6xx\</path>
         <kind>object</kind>
         <file>tec.obj</file>
         <name>tec.obj</name>
      </input_file>
      <input_file id="fl-22">
         <path>.\driverlib\MSP430F5xx_6xx\</path>
         <kind>object</kind>
         <file>timer_a.obj</file>
         <name>timer_a.obj</name>
      </input_file>
      <input_file id="fl-23">
         <path>.\driverlib\MSP430F5xx_6xx\</path>
         <kind>object</kind>
         <file>timer_b.obj</file>
         <name>timer_b.obj</name>
      </input_file>
      <input_file id="fl-24">
         <path>.\driverlib\MSP430F5xx_6xx\</path>
         <kind>object</kind>
         <file>timer_d.obj</file>
         <name>timer_d.obj</name>
      </input_file>
      <input_file id="fl-25">
         <path>.\driverlib\MSP430F5xx_6xx\</path>
         <kind>object</kind>
         <file>tlv.obj</file>
         <name>tlv.obj</name>
      </input_file>
      <input_file id="fl-26">
         <path>.\driverlib\MSP430F5xx_6xx\</path>
         <kind>object</kind>
         <file>ucs.obj</file>
         <name>ucs.obj</name>
      </input_file>
      <input_file id="fl-27">
         <path>.\driverlib\MSP430F5xx_6xx\</path>
         <kind>object</kind>
         <file>usci_a_spi.obj</file>
         <name>usci_a_spi.obj</name>
      </input_file>
      <input_file id="fl-28">
         <path>.\driverlib\MSP430F5xx_6xx\</path>
         <kind>object</kind>
         <file>usci_a_uart.obj</file>
         <name>usci_a_uart.obj</name>
      </input_file>
      <input_file id="fl-29">
         <path>.\driverlib\MSP430F5xx_6xx\</path>
         <kind>object</kind>
         <file>usci_b_i2c.obj</file>
         <name>usci_b_i2c.obj</name>
      </input_file>
      <input_file id="fl-2a">
         <path>.\driverlib\MSP430F5xx_6xx\</path>
         <kind>object</kind>
         <file>usci_b_spi.obj</file>
         <name>usci_b_spi.obj</name>
      </input_file>
      <input_file id="fl-2b">
         <path>.\driverlib\MSP430F5xx_6xx\</path>
         <kind>object</kind>
         <file>wdt_a.obj</file>
         <name>wdt_a.obj</name>
      </input_file>
      <input_file id="fl-31">
         <kind>object</kind>
         <file>&lt;internal&gt;</file>
         <name>&lt;internal&gt;</name>
      </input_file>
      <input_file id="fl-4c">
         <path>C:\ti\ccs2020\ccs\tools\compiler\ti-cgt-msp430_21.6.1.LTS\lib\</path>
         <kind>archive</kind>
         <file>rts430x_lc_rd_eabi.lib</file>
         <name>e_acos.c.obj</name>
      </input_file>
      <input_file id="fl-4d">
         <path>C:\ti\ccs2020\ccs\tools\compiler\ti-cgt-msp430_21.6.1.LTS\lib\</path>
         <kind>archive</kind>
         <file>rts430x_lc_rd_eabi.lib</file>
         <name>e_pow.c.obj</name>
      </input_file>
      <input_file id="fl-4e">
         <path>C:\ti\ccs2020\ccs\tools\compiler\ti-cgt-msp430_21.6.1.LTS\lib\</path>
         <kind>archive</kind>
         <file>rts430x_lc_rd_eabi.lib</file>
         <name>e_sqrt.c.obj</name>
      </input_file>
      <input_file id="fl-4f">
         <path>C:\ti\ccs2020\ccs\tools\compiler\ti-cgt-msp430_21.6.1.LTS\lib\</path>
         <kind>archive</kind>
         <file>rts430x_lc_rd_eabi.lib</file>
         <name>s_fabs.c.obj</name>
      </input_file>
      <input_file id="fl-50">
         <path>C:\ti\ccs2020\ccs\tools\compiler\ti-cgt-msp430_21.6.1.LTS\lib\</path>
         <kind>archive</kind>
         <file>rts430x_lc_rd_eabi.lib</file>
         <name>s_scalbn.c.obj</name>
      </input_file>
      <input_file id="fl-51">
         <path>C:\ti\ccs2020\ccs\tools\compiler\ti-cgt-msp430_21.6.1.LTS\lib\</path>
         <kind>archive</kind>
         <file>rts430x_lc_rd_eabi.lib</file>
         <name>s_copysign.c.obj</name>
      </input_file>
      <input_file id="fl-52">
         <path>C:\ti\ccs2020\ccs\tools\compiler\ti-cgt-msp430_21.6.1.LTS\lib\</path>
         <kind>archive</kind>
         <file>rts430x_lc_rd_eabi.lib</file>
         <name>asr32.asm.obj</name>
      </input_file>
      <input_file id="fl-53">
         <path>C:\ti\ccs2020\ccs\tools\compiler\ti-cgt-msp430_21.6.1.LTS\lib\</path>
         <kind>archive</kind>
         <file>rts430x_lc_rd_eabi.lib</file>
         <name>div16s.asm.obj</name>
      </input_file>
      <input_file id="fl-54">
         <path>C:\ti\ccs2020\ccs\tools\compiler\ti-cgt-msp430_21.6.1.LTS\lib\</path>
         <kind>archive</kind>
         <file>rts430x_lc_rd_eabi.lib</file>
         <name>div16u.asm.obj</name>
      </input_file>
      <input_file id="fl-55">
         <path>C:\ti\ccs2020\ccs\tools\compiler\ti-cgt-msp430_21.6.1.LTS\lib\</path>
         <kind>archive</kind>
         <file>rts430x_lc_rd_eabi.lib</file>
         <name>div32s.asm.obj</name>
      </input_file>
      <input_file id="fl-56">
         <path>C:\ti\ccs2020\ccs\tools\compiler\ti-cgt-msp430_21.6.1.LTS\lib\</path>
         <kind>archive</kind>
         <file>rts430x_lc_rd_eabi.lib</file>
         <name>div32u.asm.obj</name>
      </input_file>
      <input_file id="fl-57">
         <path>C:\ti\ccs2020\ccs\tools\compiler\ti-cgt-msp430_21.6.1.LTS\lib\</path>
         <kind>archive</kind>
         <file>rts430x_lc_rd_eabi.lib</file>
         <name>int41.asm.obj</name>
      </input_file>
      <input_file id="fl-58">
         <path>C:\ti\ccs2020\ccs\tools\compiler\ti-cgt-msp430_21.6.1.LTS\lib\</path>
         <kind>archive</kind>
         <file>rts430x_lc_rd_eabi.lib</file>
         <name>int43.asm.obj</name>
      </input_file>
      <input_file id="fl-59">
         <path>C:\ti\ccs2020\ccs\tools\compiler\ti-cgt-msp430_21.6.1.LTS\lib\</path>
         <kind>archive</kind>
         <file>rts430x_lc_rd_eabi.lib</file>
         <name>int44.asm.obj</name>
      </input_file>
      <input_file id="fl-5a">
         <path>C:\ti\ccs2020\ccs\tools\compiler\ti-cgt-msp430_21.6.1.LTS\lib\</path>
         <kind>archive</kind>
         <file>rts430x_lc_rd_eabi.lib</file>
         <name>int45.asm.obj</name>
      </input_file>
      <input_file id="fl-5b">
         <path>C:\ti\ccs2020\ccs\tools\compiler\ti-cgt-msp430_21.6.1.LTS\lib\</path>
         <kind>archive</kind>
         <file>rts430x_lc_rd_eabi.lib</file>
         <name>int46.asm.obj</name>
      </input_file>
      <input_file id="fl-5c">
         <path>C:\ti\ccs2020\ccs\tools\compiler\ti-cgt-msp430_21.6.1.LTS\lib\</path>
         <kind>archive</kind>
         <file>rts430x_lc_rd_eabi.lib</file>
         <name>int47.asm.obj</name>
      </input_file>
      <input_file id="fl-5d">
         <path>C:\ti\ccs2020\ccs\tools\compiler\ti-cgt-msp430_21.6.1.LTS\lib\</path>
         <kind>archive</kind>
         <file>rts430x_lc_rd_eabi.lib</file>
         <name>int48.asm.obj</name>
      </input_file>
      <input_file id="fl-5e">
         <path>C:\ti\ccs2020\ccs\tools\compiler\ti-cgt-msp430_21.6.1.LTS\lib\</path>
         <kind>archive</kind>
         <file>rts430x_lc_rd_eabi.lib</file>
         <name>int49.asm.obj</name>
      </input_file>
      <input_file id="fl-5f">
         <path>C:\ti\ccs2020\ccs\tools\compiler\ti-cgt-msp430_21.6.1.LTS\lib\</path>
         <kind>archive</kind>
         <file>rts430x_lc_rd_eabi.lib</file>
         <name>int50.asm.obj</name>
      </input_file>
      <input_file id="fl-60">
         <path>C:\ti\ccs2020\ccs\tools\compiler\ti-cgt-msp430_21.6.1.LTS\lib\</path>
         <kind>archive</kind>
         <file>rts430x_lc_rd_eabi.lib</file>
         <name>int51.asm.obj</name>
      </input_file>
      <input_file id="fl-61">
         <path>C:\ti\ccs2020\ccs\tools\compiler\ti-cgt-msp430_21.6.1.LTS\lib\</path>
         <kind>archive</kind>
         <file>rts430x_lc_rd_eabi.lib</file>
         <name>int52.asm.obj</name>
      </input_file>
      <input_file id="fl-62">
         <path>C:\ti\ccs2020\ccs\tools\compiler\ti-cgt-msp430_21.6.1.LTS\lib\</path>
         <kind>archive</kind>
         <file>rts430x_lc_rd_eabi.lib</file>
         <name>int53.asm.obj</name>
      </input_file>
      <input_file id="fl-63">
         <path>C:\ti\ccs2020\ccs\tools\compiler\ti-cgt-msp430_21.6.1.LTS\lib\</path>
         <kind>archive</kind>
         <file>rts430x_lc_rd_eabi.lib</file>
         <name>int54.asm.obj</name>
      </input_file>
      <input_file id="fl-64">
         <path>C:\ti\ccs2020\ccs\tools\compiler\ti-cgt-msp430_21.6.1.LTS\lib\</path>
         <kind>archive</kind>
         <file>rts430x_lc_rd_eabi.lib</file>
         <name>int55.asm.obj</name>
      </input_file>
      <input_file id="fl-65">
         <path>C:\ti\ccs2020\ccs\tools\compiler\ti-cgt-msp430_21.6.1.LTS\lib\</path>
         <kind>archive</kind>
         <file>rts430x_lc_rd_eabi.lib</file>
         <name>int56.asm.obj</name>
      </input_file>
      <input_file id="fl-66">
         <path>C:\ti\ccs2020\ccs\tools\compiler\ti-cgt-msp430_21.6.1.LTS\lib\</path>
         <kind>archive</kind>
         <file>rts430x_lc_rd_eabi.lib</file>
         <name>int57.asm.obj</name>
      </input_file>
      <input_file id="fl-67">
         <path>C:\ti\ccs2020\ccs\tools\compiler\ti-cgt-msp430_21.6.1.LTS\lib\</path>
         <kind>archive</kind>
         <file>rts430x_lc_rd_eabi.lib</file>
         <name>int58.asm.obj</name>
      </input_file>
      <input_file id="fl-68">
         <path>C:\ti\ccs2020\ccs\tools\compiler\ti-cgt-msp430_21.6.1.LTS\lib\</path>
         <kind>archive</kind>
         <file>rts430x_lc_rd_eabi.lib</file>
         <name>int59.asm.obj</name>
      </input_file>
      <input_file id="fl-69">
         <path>C:\ti\ccs2020\ccs\tools\compiler\ti-cgt-msp430_21.6.1.LTS\lib\</path>
         <kind>archive</kind>
         <file>rts430x_lc_rd_eabi.lib</file>
         <name>int60.asm.obj</name>
      </input_file>
      <input_file id="fl-6a">
         <path>C:\ti\ccs2020\ccs\tools\compiler\ti-cgt-msp430_21.6.1.LTS\lib\</path>
         <kind>archive</kind>
         <file>rts430x_lc_rd_eabi.lib</file>
         <name>int61.asm.obj</name>
      </input_file>
      <input_file id="fl-6b">
         <path>C:\ti\ccs2020\ccs\tools\compiler\ti-cgt-msp430_21.6.1.LTS\lib\</path>
         <kind>archive</kind>
         <file>rts430x_lc_rd_eabi.lib</file>
         <name>int62.asm.obj</name>
      </input_file>
      <input_file id="fl-6c">
         <path>C:\ti\ccs2020\ccs\tools\compiler\ti-cgt-msp430_21.6.1.LTS\lib\</path>
         <kind>archive</kind>
         <file>rts430x_lc_rd_eabi.lib</file>
         <name>isr_trap.asm.obj</name>
      </input_file>
      <input_file id="fl-6d">
         <path>C:\ti\ccs2020\ccs\tools\compiler\ti-cgt-msp430_21.6.1.LTS\lib\</path>
         <kind>archive</kind>
         <file>rts430x_lc_rd_eabi.lib</file>
         <name>lsl16.asm.obj</name>
      </input_file>
      <input_file id="fl-6e">
         <path>C:\ti\ccs2020\ccs\tools\compiler\ti-cgt-msp430_21.6.1.LTS\lib\</path>
         <kind>archive</kind>
         <file>rts430x_lc_rd_eabi.lib</file>
         <name>lsl32.asm.obj</name>
      </input_file>
      <input_file id="fl-6f">
         <path>C:\ti\ccs2020\ccs\tools\compiler\ti-cgt-msp430_21.6.1.LTS\lib\</path>
         <kind>archive</kind>
         <file>rts430x_lc_rd_eabi.lib</file>
         <name>lsr32.asm.obj</name>
      </input_file>
      <input_file id="fl-70">
         <path>C:\ti\ccs2020\ccs\tools\compiler\ti-cgt-msp430_21.6.1.LTS\lib\</path>
         <kind>archive</kind>
         <file>rts430x_lc_rd_eabi.lib</file>
         <name>mult16.asm.obj</name>
      </input_file>
      <input_file id="fl-71">
         <path>C:\ti\ccs2020\ccs\tools\compiler\ti-cgt-msp430_21.6.1.LTS\lib\</path>
         <kind>archive</kind>
         <file>rts430x_lc_rd_eabi.lib</file>
         <name>mult16_f5hw.asm.obj</name>
      </input_file>
      <input_file id="fl-72">
         <path>C:\ti\ccs2020\ccs\tools\compiler\ti-cgt-msp430_21.6.1.LTS\lib\</path>
         <kind>archive</kind>
         <file>rts430x_lc_rd_eabi.lib</file>
         <name>mult1632_f5hw.asm.obj</name>
      </input_file>
      <input_file id="fl-73">
         <path>C:\ti\ccs2020\ccs\tools\compiler\ti-cgt-msp430_21.6.1.LTS\lib\</path>
         <kind>archive</kind>
         <file>rts430x_lc_rd_eabi.lib</file>
         <name>mult32.asm.obj</name>
      </input_file>
      <input_file id="fl-74">
         <path>C:\ti\ccs2020\ccs\tools\compiler\ti-cgt-msp430_21.6.1.LTS\lib\</path>
         <kind>archive</kind>
         <file>rts430x_lc_rd_eabi.lib</file>
         <name>mult32_f5hw.asm.obj</name>
      </input_file>
      <input_file id="fl-75">
         <path>C:\ti\ccs2020\ccs\tools\compiler\ti-cgt-msp430_21.6.1.LTS\lib\</path>
         <kind>archive</kind>
         <file>rts430x_lc_rd_eabi.lib</file>
         <name>mult3264_f5hw.asm.obj</name>
      </input_file>
      <input_file id="fl-76">
         <path>C:\ti\ccs2020\ccs\tools\compiler\ti-cgt-msp430_21.6.1.LTS\lib\</path>
         <kind>archive</kind>
         <file>rts430x_lc_rd_eabi.lib</file>
         <name>mult64_f5hw.asm.obj</name>
      </input_file>
      <input_file id="fl-77">
         <path>C:\ti\ccs2020\ccs\tools\compiler\ti-cgt-msp430_21.6.1.LTS\lib\</path>
         <kind>archive</kind>
         <file>rts430x_lc_rd_eabi.lib</file>
         <name>boot.c.obj</name>
      </input_file>
      <input_file id="fl-78">
         <path>C:\ti\ccs2020\ccs\tools\compiler\ti-cgt-msp430_21.6.1.LTS\lib\</path>
         <kind>archive</kind>
         <file>rts430x_lc_rd_eabi.lib</file>
         <name>autoinit.c.obj</name>
      </input_file>
      <input_file id="fl-79">
         <path>C:\ti\ccs2020\ccs\tools\compiler\ti-cgt-msp430_21.6.1.LTS\lib\</path>
         <kind>archive</kind>
         <file>rts430x_lc_rd_eabi.lib</file>
         <name>copy_zero_init.c.obj</name>
      </input_file>
      <input_file id="fl-7a">
         <path>C:\ti\ccs2020\ccs\tools\compiler\ti-cgt-msp430_21.6.1.LTS\lib\</path>
         <kind>archive</kind>
         <file>rts430x_lc_rd_eabi.lib</file>
         <name>cpy_tbl.c.obj</name>
      </input_file>
      <input_file id="fl-7b">
         <path>C:\ti\ccs2020\ccs\tools\compiler\ti-cgt-msp430_21.6.1.LTS\lib\</path>
         <kind>archive</kind>
         <file>rts430x_lc_rd_eabi.lib</file>
         <name>mpu_init.c.obj</name>
      </input_file>
      <input_file id="fl-7c">
         <path>C:\ti\ccs2020\ccs\tools\compiler\ti-cgt-msp430_21.6.1.LTS\lib\</path>
         <kind>archive</kind>
         <file>rts430x_lc_rd_eabi.lib</file>
         <name>lsr64.c.obj</name>
      </input_file>
      <input_file id="fl-7d">
         <path>C:\ti\ccs2020\ccs\tools\compiler\ti-cgt-msp430_21.6.1.LTS\lib\</path>
         <kind>archive</kind>
         <file>rts430x_lc_rd_eabi.lib</file>
         <name>pre_init.c.obj</name>
      </input_file>
      <input_file id="fl-7e">
         <path>C:\ti\ccs2020\ccs\tools\compiler\ti-cgt-msp430_21.6.1.LTS\lib\</path>
         <kind>archive</kind>
         <file>rts430x_lc_rd_eabi.lib</file>
         <name>startup.c.obj</name>
      </input_file>
      <input_file id="fl-7f">
         <path>C:\ti\ccs2020\ccs\tools\compiler\ti-cgt-msp430_21.6.1.LTS\lib\</path>
         <kind>archive</kind>
         <file>rts430x_lc_rd_eabi.lib</file>
         <name>copy_decompress_none.c.obj</name>
      </input_file>
      <input_file id="fl-80">
         <path>C:\ti\ccs2020\ccs\tools\compiler\ti-cgt-msp430_21.6.1.LTS\lib\</path>
         <kind>archive</kind>
         <file>rts430x_lc_rd_eabi.lib</file>
         <name>copy_decompress_lzss.c.obj</name>
      </input_file>
      <input_file id="fl-81">
         <path>C:\ti\ccs2020\ccs\tools\compiler\ti-cgt-msp430_21.6.1.LTS\lib\</path>
         <kind>archive</kind>
         <file>rts430x_lc_rd_eabi.lib</file>
         <name>addd.c.obj</name>
      </input_file>
      <input_file id="fl-82">
         <path>C:\ti\ccs2020\ccs\tools\compiler\ti-cgt-msp430_21.6.1.LTS\lib\</path>
         <kind>archive</kind>
         <file>rts430x_lc_rd_eabi.lib</file>
         <name>cmpd.c.obj</name>
      </input_file>
      <input_file id="fl-83">
         <path>C:\ti\ccs2020\ccs\tools\compiler\ti-cgt-msp430_21.6.1.LTS\lib\</path>
         <kind>archive</kind>
         <file>rts430x_lc_rd_eabi.lib</file>
         <name>divd.c.obj</name>
      </input_file>
      <input_file id="fl-84">
         <path>C:\ti\ccs2020\ccs\tools\compiler\ti-cgt-msp430_21.6.1.LTS\lib\</path>
         <kind>archive</kind>
         <file>rts430x_lc_rd_eabi.lib</file>
         <name>fixdi.c.obj</name>
      </input_file>
      <input_file id="fl-85">
         <path>C:\ti\ccs2020\ccs\tools\compiler\ti-cgt-msp430_21.6.1.LTS\lib\</path>
         <kind>archive</kind>
         <file>rts430x_lc_rd_eabi.lib</file>
         <name>fixdli.c.obj</name>
      </input_file>
      <input_file id="fl-86">
         <path>C:\ti\ccs2020\ccs\tools\compiler\ti-cgt-msp430_21.6.1.LTS\lib\</path>
         <kind>archive</kind>
         <file>rts430x_lc_rd_eabi.lib</file>
         <name>fltid.c.obj</name>
      </input_file>
      <input_file id="fl-87">
         <path>C:\ti\ccs2020\ccs\tools\compiler\ti-cgt-msp430_21.6.1.LTS\lib\</path>
         <kind>archive</kind>
         <file>rts430x_lc_rd_eabi.lib</file>
         <name>fltlid.c.obj</name>
      </input_file>
      <input_file id="fl-88">
         <path>C:\ti\ccs2020\ccs\tools\compiler\ti-cgt-msp430_21.6.1.LTS\lib\</path>
         <kind>archive</kind>
         <file>rts430x_lc_rd_eabi.lib</file>
         <name>frcdivd.c.obj</name>
      </input_file>
      <input_file id="fl-89">
         <path>C:\ti\ccs2020\ccs\tools\compiler\ti-cgt-msp430_21.6.1.LTS\lib\</path>
         <kind>archive</kind>
         <file>rts430x_lc_rd_eabi.lib</file>
         <name>mpyd.c.obj</name>
      </input_file>
      <input_file id="fl-8a">
         <path>C:\ti\ccs2020\ccs\tools\compiler\ti-cgt-msp430_21.6.1.LTS\lib\</path>
         <kind>archive</kind>
         <file>rts430x_lc_rd_eabi.lib</file>
         <name>negd.c.obj</name>
      </input_file>
      <input_file id="fl-8b">
         <path>C:\ti\ccs2020\ccs\tools\compiler\ti-cgt-msp430_21.6.1.LTS\lib\</path>
         <kind>archive</kind>
         <file>rts430x_lc_rd_eabi.lib</file>
         <name>subd.c.obj</name>
      </input_file>
      <input_file id="fl-8c">
         <path>C:\ti\ccs2020\ccs\tools\compiler\ti-cgt-msp430_21.6.1.LTS\lib\</path>
         <kind>archive</kind>
         <file>rts430x_lc_rd_eabi.lib</file>
         <name>exit.c.obj</name>
      </input_file>
      <input_file id="fl-8d">
         <path>C:\ti\ccs2020\ccs\tools\compiler\ti-cgt-msp430_21.6.1.LTS\lib\</path>
         <kind>archive</kind>
         <file>rts430x_lc_rd_eabi.lib</file>
         <name>_lock.c.obj</name>
      </input_file>
      <input_file id="fl-8e">
         <path>C:\ti\ccs2020\ccs\tools\compiler\ti-cgt-msp430_21.6.1.LTS\lib\</path>
         <kind>archive</kind>
         <file>rts430x_lc_rd_eabi.lib</file>
         <name>args_main.c.obj</name>
      </input_file>
      <input_file id="fl-8f">
         <path>C:\ti\ccs2020\ccs\tools\compiler\ti-cgt-msp430_21.6.1.LTS\lib\</path>
         <kind>archive</kind>
         <file>rts430x_lc_rd_eabi.lib</file>
         <name>memcpy.c.obj</name>
      </input_file>
      <input_file id="fl-90">
         <path>C:\ti\ccs2020\ccs\tools\compiler\ti-cgt-msp430_21.6.1.LTS\lib\</path>
         <kind>archive</kind>
         <file>rts430x_lc_rd_eabi.lib</file>
         <name>memset.c.obj</name>
      </input_file>
      <input_file id="fl-91">
         <path>C:\ti\ccs2020\ccs\tools\compiler\ti-cgt-msp430_21.6.1.LTS\lib\</path>
         <kind>archive</kind>
         <file>rts430x_lc_rd_eabi.lib</file>
         <name>errno.c.obj</name>
      </input_file>
      <input_file id="fl-92">
         <path>C:\ti\ccs2020\ccs\tools\compiler\ti-cgt-msp430_21.6.1.LTS\lib\</path>
         <kind>archive</kind>
         <file>rts430x_lc_rd_eabi.lib</file>
         <name>exit_gvars.c.obj</name>
      </input_file>
      <input_file id="fl-93">
         <path>C:\ti\ccs2020\ccs\tools\compiler\ti-cgt-msp430_21.6.1.LTS\lib\</path>
         <kind>archive</kind>
         <file>rts430x_lc_rd_eabi.lib</file>
         <name>asr64.c.obj</name>
      </input_file>
      <input_file id="fl-94">
         <path>C:\ti\ccs2020\ccs\tools\compiler\ti-cgt-msp430_21.6.1.LTS\lib\</path>
         <kind>archive</kind>
         <file>rts430x_lc_rd_eabi.lib</file>
         <name>lsl64.c.obj</name>
      </input_file>
      <input_file id="fl-95">
         <path>C:\ti\ccs2020\ccs\tools\compiler\ti-cgt-msp430_21.6.1.LTS\lib\</path>
         <kind>archive</kind>
         <file>rts430x_lc_rd_eabi.lib</file>
         <name>frcmpyd.c.obj</name>
      </input_file>
      <input_file id="fl-96">
         <path>C:\ti\ccs2020\ccs\tools\compiler\ti-cgt-msp430_21.6.1.LTS\lib\</path>
         <kind>archive</kind>
         <file>rts430x_lc_rd_eabi.lib</file>
         <name>mult3264.asm.obj</name>
      </input_file>
      <input_file id="fl-97">
         <path>C:\ti\ccs2020\ccs\tools\compiler\ti-cgt-msp430_21.6.1.LTS\lib\</path>
         <kind>archive</kind>
         <file>rts430x_lc_rd_eabi.lib</file>
         <name>mult64.asm.obj</name>
      </input_file>
      <input_file id="fl-98">
         <path>C:\ti\ccs2020\ccs\tools\compiler\ti-cgt-msp430_21.6.1.LTS\lib\</path>
         <kind>archive</kind>
         <file>rts430x_lc_rd_eabi.lib</file>
         <name>mult1632.asm.obj</name>
      </input_file>
   </input_file_list>
   <object_component_list>
      <object_component id="oc-597">
         <name>.data:Dogs102x6_initMacro</name>
         <load_address>0x2484</load_address>
         <run_address>0x2484</run_address>
         <size>0x10</size>
         <input_file_ref idref="fl-2"/>
      </object_component>
      <object_component id="oc-3ec">
         <name>.data</name>
         <load_address>0x24aa</load_address>
         <run_address>0x24aa</run_address>
         <size>0x6</size>
         <input_file_ref idref="fl-2"/>
      </object_component>
      <object_component id="oc-44a">
         <name>.data:MAPPING_VALUES</name>
         <load_address>0x2494</load_address>
         <run_address>0x2494</run_address>
         <size>0xe</size>
         <input_file_ref idref="fl-2"/>
      </object_component>
      <object_component id="oc-447">
         <name>.data:BITx</name>
         <load_address>0x24a2</load_address>
         <run_address>0x24a2</run_address>
         <size>0x7</size>
         <input_file_ref idref="fl-2"/>
      </object_component>
      <object_component id="oc-46a">
         <name>.data:symbols</name>
         <load_address>0x2400</load_address>
         <run_address>0x2400</run_address>
         <size>0x84</size>
         <input_file_ref idref="fl-2"/>
      </object_component>
      <object_component id="oc-552">
         <name>.data</name>
         <load_address>0x24b0</load_address>
         <run_address>0x24b0</run_address>
         <size>0x2</size>
         <input_file_ref idref="fl-91"/>
      </object_component>
      <object_component id="oc-36b">
         <name>.stack</name>
         <uninitialized>true</uninitialized>
         <run_address>0x4360</run_address>
         <size>0x4</size>
         <input_file_ref idref="fl-77"/>
      </object_component>
      <object_component id="oc-6dc">
         <name>.stack</name>
         <uninitialized>true</uninitialized>
         <run_address>0x4360</run_address>
         <size>0x0</size>
      </object_component>
      <object_component id="oc-473">
         <name>.text:pow</name>
         <load_address>0x10000</load_address>
         <run_address>0x10000</run_address>
         <size>0x114c</size>
         <input_file_ref idref="fl-4d"/>
      </object_component>
      <object_component id="oc-531">
         <name>.text:__mspabi_addd</name>
         <load_address>0x1114c</load_address>
         <run_address>0x1114c</run_address>
         <size>0x72a</size>
         <input_file_ref idref="fl-81"/>
      </object_component>
      <object_component id="oc-4ad">
         <name>.text:acos</name>
         <load_address>0x11876</load_address>
         <run_address>0x11876</run_address>
         <size>0x526</size>
         <input_file_ref idref="fl-4c"/>
      </object_component>
      <object_component id="oc-57e">
         <name>.text:__TI_frcdivd</name>
         <load_address>0x11d9c</load_address>
         <run_address>0x11d9c</run_address>
         <size>0x468</size>
         <input_file_ref idref="fl-88"/>
      </object_component>
      <object_component id="oc-546">
         <name>.text:sqrt</name>
         <load_address>0x12204</load_address>
         <run_address>0x12204</run_address>
         <size>0x2dc</size>
         <input_file_ref idref="fl-4e"/>
      </object_component>
      <object_component id="oc-4b3">
         <name>.text:__mspabi_mpyd</name>
         <load_address>0x124e0</load_address>
         <run_address>0x124e0</run_address>
         <size>0x292</size>
         <input_file_ref idref="fl-89"/>
      </object_component>
      <object_component id="oc-4a1">
         <name>.text:__mspabi_divd</name>
         <load_address>0x12772</load_address>
         <run_address>0x12772</run_address>
         <size>0x21c</size>
         <input_file_ref idref="fl-83"/>
      </object_component>
      <object_component id="oc-589">
         <name>.text:__TI_frcmpyd</name>
         <load_address>0x1298e</load_address>
         <run_address>0x1298e</run_address>
         <size>0x164</size>
         <input_file_ref idref="fl-95"/>
      </object_component>
      <object_component id="oc-564">
         <name>.text:scalbn</name>
         <load_address>0x12af2</load_address>
         <run_address>0x12af2</run_address>
         <size>0x15a</size>
         <input_file_ref idref="fl-50"/>
      </object_component>
      <object_component id="oc-3fa">
         <name>.text:printNumber</name>
         <load_address>0x12c4c</load_address>
         <run_address>0x12c4c</run_address>
         <size>0xe4</size>
         <input_file_ref idref="fl-2"/>
      </object_component>
      <object_component id="oc-4a7">
         <name>.text:__mspabi_cmpd</name>
         <load_address>0x12d30</load_address>
         <run_address>0x12d30</run_address>
         <size>0xd8</size>
         <input_file_ref idref="fl-82"/>
      </object_component>
      <object_component id="oc-4d6">
         <name>.text:CMA3000_init</name>
         <load_address>0x12e08</load_address>
         <run_address>0x12e08</run_address>
         <size>0x9e</size>
         <input_file_ref idref="fl-2"/>
      </object_component>
      <object_component id="oc-400">
         <name>.text:__mspabi_fltlid</name>
         <load_address>0x12ea6</load_address>
         <run_address>0x12ea6</run_address>
         <size>0x9e</size>
         <input_file_ref idref="fl-87"/>
      </object_component>
      <object_component id="oc-406">
         <name>.text:calculateAngleFromProjection</name>
         <load_address>0x12f44</load_address>
         <run_address>0x12f44</run_address>
         <size>0x9c</size>
         <input_file_ref idref="fl-2"/>
      </object_component>
      <object_component id="oc-6d">
         <name>.text:decompress:lzss:__TI_decompress_lzss</name>
         <load_address>0x12fe0</load_address>
         <run_address>0x12fe0</run_address>
         <size>0x76</size>
         <input_file_ref idref="fl-80"/>
      </object_component>
      <object_component id="oc-3e6">
         <name>.text:parseProjectionByte</name>
         <load_address>0x13056</load_address>
         <run_address>0x13056</run_address>
         <size>0x70</size>
         <input_file_ref idref="fl-2"/>
      </object_component>
      <object_component id="oc-479">
         <name>.text:__mspabi_fixdli</name>
         <load_address>0x130c6</load_address>
         <run_address>0x130c6</run_address>
         <size>0x66</size>
         <input_file_ref idref="fl-85"/>
      </object_component>
      <object_component id="oc-4ca">
         <name>.text:Dogs102x6_init</name>
         <load_address>0x1312c</load_address>
         <run_address>0x1312c</run_address>
         <size>0x5e</size>
         <input_file_ref idref="fl-2"/>
      </object_component>
      <object_component id="oc-612">
         <name>.text:__mpyll</name>
         <load_address>0x1318a</load_address>
         <run_address>0x1318a</run_address>
         <size>0x5c</size>
         <input_file_ref idref="fl-76"/>
      </object_component>
      <object_component id="oc-457">
         <name>.text:Dogs102x6_setAddress</name>
         <load_address>0x131e6</load_address>
         <run_address>0x131e6</run_address>
         <size>0x58</size>
         <input_file_ref idref="fl-2"/>
      </object_component>
      <object_component id="oc-573">
         <name>.text</name>
         <load_address>0x1323e</load_address>
         <run_address>0x1323e</run_address>
         <size>0x58</size>
         <input_file_ref idref="fl-56"/>
      </object_component>
      <object_component id="oc-501">
         <name>.text:__TI_auto_init_nobinit_nopinit_hold_wdt:__TI_auto_init_nobinit_nopinit_hold_wdt</name>
         <load_address>0x13296</load_address>
         <run_address>0x13296</run_address>
         <size>0x54</size>
         <input_file_ref idref="fl-78"/>
      </object_component>
      <object_component id="oc-41c">
         <name>.text:main</name>
         <load_address>0x132ea</load_address>
         <run_address>0x132ea</run_address>
         <size>0x42</size>
         <input_file_ref idref="fl-2"/>
      </object_component>
      <object_component id="oc-3e0">
         <name>.text:CMA3000_writeCommand</name>
         <load_address>0x1332c</load_address>
         <run_address>0x1332c</run_address>
         <size>0x40</size>
         <input_file_ref idref="fl-2"/>
      </object_component>
      <object_component id="oc-5d5">
         <name>.text:__mspabi_srall</name>
         <load_address>0x1336c</load_address>
         <run_address>0x1336c</run_address>
         <size>0x40</size>
         <input_file_ref idref="fl-93"/>
      </object_component>
      <object_component id="oc-485">
         <name>.text</name>
         <load_address>0x133ac</load_address>
         <run_address>0x133ac</run_address>
         <size>0x40</size>
         <input_file_ref idref="fl-55"/>
      </object_component>
      <object_component id="oc-464">
         <name>.text:getNumberLength</name>
         <load_address>0x133ec</load_address>
         <run_address>0x133ec</run_address>
         <size>0x3e</size>
         <input_file_ref idref="fl-2"/>
      </object_component>
      <object_component id="oc-607">
         <name>.text:l_asr_const</name>
         <load_address>0x1342a</load_address>
         <run_address>0x1342a</run_address>
         <size>0x3e</size>
         <input_file_ref idref="fl-52"/>
      </object_component>
      <object_component id="oc-490">
         <name>.text:l_lsl_const</name>
         <load_address>0x13468</load_address>
         <run_address>0x13468</run_address>
         <size>0x3e</size>
         <input_file_ref idref="fl-6e"/>
      </object_component>
      <object_component id="oc-495">
         <name>.text:l_lsr_const</name>
         <load_address>0x134a6</load_address>
         <run_address>0x134a6</run_address>
         <size>0x3e</size>
         <input_file_ref idref="fl-6f"/>
      </object_component>
      <object_component id="oc-3f4">
         <name>.text:Dogs102x6_clearScreen</name>
         <load_address>0x134e4</load_address>
         <run_address>0x134e4</run_address>
         <size>0x3c</size>
         <input_file_ref idref="fl-2"/>
      </object_component>
      <object_component id="oc-5db">
         <name>.text:__mspabi_sllll</name>
         <load_address>0x13520</load_address>
         <run_address>0x13520</run_address>
         <size>0x3a</size>
         <input_file_ref idref="fl-94"/>
      </object_component>
      <object_component id="oc-61c">
         <name>.text:__mspabi_srlll</name>
         <load_address>0x1355a</load_address>
         <run_address>0x1355a</run_address>
         <size>0x3a</size>
         <input_file_ref idref="fl-7c"/>
      </object_component>
      <object_component id="oc-525">
         <name>.text:Dogs102x6_writeCommand</name>
         <load_address>0x13594</load_address>
         <run_address>0x13594</run_address>
         <size>0x34</size>
         <input_file_ref idref="fl-2"/>
      </object_component>
      <object_component id="oc-45d">
         <name>.text:Dogs102x6_writeData</name>
         <load_address>0x135c8</load_address>
         <run_address>0x135c8</run_address>
         <size>0x34</size>
         <input_file_ref idref="fl-2"/>
      </object_component>
      <object_component id="oc-558">
         <name>.text:__mspabi_subd</name>
         <load_address>0x135fc</load_address>
         <run_address>0x135fc</run_address>
         <size>0x32</size>
         <input_file_ref idref="fl-8b"/>
      </object_component>
      <object_component id="oc-54c">
         <name>.text:__mspabi_negd</name>
         <load_address>0x1362e</load_address>
         <run_address>0x1362e</run_address>
         <size>0x2e</size>
         <input_file_ref idref="fl-8a"/>
      </object_component>
      <object_component id="oc-5f2">
         <name>.text:copysign</name>
         <load_address>0x1365c</load_address>
         <run_address>0x1365c</run_address>
         <size>0x2e</size>
         <input_file_ref idref="fl-51"/>
      </object_component>
      <object_component id="oc-617">
         <name>.text:__mpyull</name>
         <load_address>0x1368a</load_address>
         <run_address>0x1368a</run_address>
         <size>0x2c</size>
         <input_file_ref idref="fl-75"/>
      </object_component>
      <object_component id="oc-4b9">
         <name>.text:__mspabi_fixdi</name>
         <load_address>0x136b6</load_address>
         <run_address>0x136b6</run_address>
         <size>0x28</size>
         <input_file_ref idref="fl-84"/>
      </object_component>
      <object_component id="oc-3ef">
         <name>.text</name>
         <load_address>0x136de</load_address>
         <run_address>0x136de</run_address>
         <size>0x24</size>
         <input_file_ref idref="fl-74"/>
      </object_component>
      <object_component id="oc-47f">
         <name>.text:fabs</name>
         <load_address>0x13702</load_address>
         <run_address>0x13702</run_address>
         <size>0x18</size>
         <input_file_ref idref="fl-4f"/>
      </object_component>
      <object_component id="oc-48a">
         <name>.text</name>
         <load_address>0x1371a</load_address>
         <run_address>0x1371a</run_address>
         <size>0x18</size>
         <input_file_ref idref="fl-71"/>
      </object_component>
      <object_component id="oc-451">
         <name>.text:memset</name>
         <load_address>0x13732</load_address>
         <run_address>0x13732</run_address>
         <size>0x16</size>
         <input_file_ref idref="fl-90"/>
      </object_component>
      <object_component id="oc-4d0">
         <name>.text:Dogs102x6_backlightInit</name>
         <load_address>0x13748</load_address>
         <run_address>0x13748</run_address>
         <size>0x14</size>
         <input_file_ref idref="fl-2"/>
      </object_component>
      <object_component id="oc-37a">
         <name>.text:memcpy</name>
         <load_address>0x1375c</load_address>
         <run_address>0x1375c</run_address>
         <size>0x14</size>
         <input_file_ref idref="fl-8f"/>
      </object_component>
      <object_component id="oc-73">
         <name>.text:decompress:none:__TI_decompress_none</name>
         <load_address>0x13770</load_address>
         <run_address>0x13770</run_address>
         <size>0x12</size>
         <input_file_ref idref="fl-7f"/>
      </object_component>
      <object_component id="oc-537">
         <name>.text:l_asr</name>
         <load_address>0x13782</load_address>
         <run_address>0x13782</run_address>
         <size>0x10</size>
         <input_file_ref idref="fl-52"/>
      </object_component>
      <object_component id="oc-53c">
         <name>.text:l_lsl</name>
         <load_address>0x13792</load_address>
         <run_address>0x13792</run_address>
         <size>0x10</size>
         <input_file_ref idref="fl-6e"/>
      </object_component>
      <object_component id="oc-541">
         <name>.text:l_lsr</name>
         <load_address>0x137a2</load_address>
         <run_address>0x137a2</run_address>
         <size>0x10</size>
         <input_file_ref idref="fl-6f"/>
      </object_component>
      <object_component id="oc-46d">
         <name>.text:__mspabi_fltid</name>
         <load_address>0x137b2</load_address>
         <run_address>0x137b2</run_address>
         <size>0xc</size>
         <input_file_ref idref="fl-86"/>
      </object_component>
      <object_component id="oc-4dd">
         <name>.text:abort</name>
         <load_address>0x137be</load_address>
         <run_address>0x137be</run_address>
         <size>0x6</size>
         <input_file_ref idref="fl-8c"/>
      </object_component>
      <object_component id="oc-416">
         <name>.text:_system_pre_init</name>
         <load_address>0x137c4</load_address>
         <run_address>0x137c4</run_address>
         <size>0x4</size>
         <input_file_ref idref="fl-7d"/>
      </object_component>
      <object_component id="oc-5af">
         <name>.text:_system_post_cinit</name>
         <load_address>0x137c8</load_address>
         <run_address>0x137c8</run_address>
         <size>0x2</size>
         <input_file_ref idref="fl-7e"/>
      </object_component>
      <object_component id="oc-38c">
         <name>.text:_isr:accelerometerInterrupt</name>
         <load_address>0x4400</load_address>
         <run_address>0x4400</run_address>
         <size>0xa8</size>
         <input_file_ref idref="fl-2"/>
      </object_component>
      <object_component id="oc-3a4">
         <name>.text:_isr:_c_int00_noargs</name>
         <load_address>0x44a8</load_address>
         <run_address>0x44a8</run_address>
         <size>0x1c</size>
         <input_file_ref idref="fl-77"/>
      </object_component>
      <object_component id="oc-387">
         <name>.text:_isr:__TI_ISR_TRAP</name>
         <load_address>0x44c4</load_address>
         <run_address>0x44c4</run_address>
         <size>0x8</size>
         <input_file_ref idref="fl-6c"/>
      </object_component>
      <object_component id="oc-6db">
         <name>.cinit..data.load</name>
         <load_address>0x44fe</load_address>
         <run_address>0x44fe</run_address>
         <size>0x82</size>
      </object_component>
      <object_component id="oc-6d9">
         <name>__TI_handler_table</name>
         <load_address>0x4580</load_address>
         <run_address>0x4580</run_address>
         <size>0x8</size>
      </object_component>
      <object_component id="oc-6da">
         <name>__TI_cinit_table</name>
         <load_address>0x4588</load_address>
         <run_address>0x4588</run_address>
         <size>0x8</size>
      </object_component>
      <object_component id="oc-555">
         <name>.const:bp</name>
         <load_address>0x44cc</load_address>
         <run_address>0x44cc</run_address>
         <size>0x10</size>
         <input_file_ref idref="fl-4d"/>
      </object_component>
      <object_component id="oc-55e">
         <name>.const:dp_h</name>
         <load_address>0x44dc</load_address>
         <run_address>0x44dc</run_address>
         <size>0x10</size>
         <input_file_ref idref="fl-4d"/>
      </object_component>
      <object_component id="oc-561">
         <name>.const:dp_l</name>
         <load_address>0x44ec</load_address>
         <run_address>0x44ec</run_address>
         <size>0x10</size>
         <input_file_ref idref="fl-4d"/>
      </object_component>
      <object_component id="oc-522">
         <name>.const:.string:$P$T0$1</name>
         <load_address>0x44fc</load_address>
         <run_address>0x44fc</run_address>
         <size>0x2</size>
         <input_file_ref idref="fl-2"/>
      </object_component>
      <object_component id="oc-66b">
         <name>.binit</name>
         <load_address>0x4400</load_address>
         <run_address>0x4400</run_address>
         <size>0x0</size>
      </object_component>
      <object_component id="oc-79">
         <name>.int41</name>
         <load_address>0xffd2</load_address>
         <run_address>0xffd2</run_address>
         <size>0x2</size>
         <input_file_ref idref="fl-57"/>
      </object_component>
      <object_component id="oc-7a">
         <name>.int42</name>
         <load_address>0xffd4</load_address>
         <run_address>0xffd4</run_address>
         <size>0x2</size>
         <input_file_ref idref="fl-2"/>
      </object_component>
      <object_component id="oc-7b">
         <name>.int43</name>
         <load_address>0xffd6</load_address>
         <run_address>0xffd6</run_address>
         <size>0x2</size>
         <input_file_ref idref="fl-58"/>
      </object_component>
      <object_component id="oc-7c">
         <name>.int44</name>
         <load_address>0xffd8</load_address>
         <run_address>0xffd8</run_address>
         <size>0x2</size>
         <input_file_ref idref="fl-59"/>
      </object_component>
      <object_component id="oc-7d">
         <name>.int45</name>
         <load_address>0xffda</load_address>
         <run_address>0xffda</run_address>
         <size>0x2</size>
         <input_file_ref idref="fl-5a"/>
      </object_component>
      <object_component id="oc-7e">
         <name>.int46</name>
         <load_address>0xffdc</load_address>
         <run_address>0xffdc</run_address>
         <size>0x2</size>
         <input_file_ref idref="fl-5b"/>
      </object_component>
      <object_component id="oc-7f">
         <name>.int47</name>
         <load_address>0xffde</load_address>
         <run_address>0xffde</run_address>
         <size>0x2</size>
         <input_file_ref idref="fl-5c"/>
      </object_component>
      <object_component id="oc-80">
         <name>.int48</name>
         <load_address>0xffe0</load_address>
         <run_address>0xffe0</run_address>
         <size>0x2</size>
         <input_file_ref idref="fl-5d"/>
      </object_component>
      <object_component id="oc-81">
         <name>.int49</name>
         <load_address>0xffe2</load_address>
         <run_address>0xffe2</run_address>
         <size>0x2</size>
         <input_file_ref idref="fl-5e"/>
      </object_component>
      <object_component id="oc-82">
         <name>.int50</name>
         <load_address>0xffe4</load_address>
         <run_address>0xffe4</run_address>
         <size>0x2</size>
         <input_file_ref idref="fl-5f"/>
      </object_component>
      <object_component id="oc-83">
         <name>.int51</name>
         <load_address>0xffe6</load_address>
         <run_address>0xffe6</run_address>
         <size>0x2</size>
         <input_file_ref idref="fl-60"/>
      </object_component>
      <object_component id="oc-84">
         <name>.int52</name>
         <load_address>0xffe8</load_address>
         <run_address>0xffe8</run_address>
         <size>0x2</size>
         <input_file_ref idref="fl-61"/>
      </object_component>
      <object_component id="oc-85">
         <name>.int53</name>
         <load_address>0xffea</load_address>
         <run_address>0xffea</run_address>
         <size>0x2</size>
         <input_file_ref idref="fl-62"/>
      </object_component>
      <object_component id="oc-86">
         <name>.int54</name>
         <load_address>0xffec</load_address>
         <run_address>0xffec</run_address>
         <size>0x2</size>
         <input_file_ref idref="fl-63"/>
      </object_component>
      <object_component id="oc-87">
         <name>.int55</name>
         <load_address>0xffee</load_address>
         <run_address>0xffee</run_address>
         <size>0x2</size>
         <input_file_ref idref="fl-64"/>
      </object_component>
      <object_component id="oc-88">
         <name>.int56</name>
         <load_address>0xfff0</load_address>
         <run_address>0xfff0</run_address>
         <size>0x2</size>
         <input_file_ref idref="fl-65"/>
      </object_component>
      <object_component id="oc-89">
         <name>.int57</name>
         <load_address>0xfff2</load_address>
         <run_address>0xfff2</run_address>
         <size>0x2</size>
         <input_file_ref idref="fl-66"/>
      </object_component>
      <object_component id="oc-8a">
         <name>.int58</name>
         <load_address>0xfff4</load_address>
         <run_address>0xfff4</run_address>
         <size>0x2</size>
         <input_file_ref idref="fl-67"/>
      </object_component>
      <object_component id="oc-8b">
         <name>.int59</name>
         <load_address>0xfff6</load_address>
         <run_address>0xfff6</run_address>
         <size>0x2</size>
         <input_file_ref idref="fl-68"/>
      </object_component>
      <object_component id="oc-8c">
         <name>.int60</name>
         <load_address>0xfff8</load_address>
         <run_address>0xfff8</run_address>
         <size>0x2</size>
         <input_file_ref idref="fl-69"/>
      </object_component>
      <object_component id="oc-8d">
         <name>.int61</name>
         <load_address>0xfffa</load_address>
         <run_address>0xfffa</run_address>
         <size>0x2</size>
         <input_file_ref idref="fl-6a"/>
      </object_component>
      <object_component id="oc-8e">
         <name>.int62</name>
         <load_address>0xfffc</load_address>
         <run_address>0xfffc</run_address>
         <size>0x2</size>
         <input_file_ref idref="fl-6b"/>
      </object_component>
      <object_component id="oc-36e">
         <name>.reset</name>
         <load_address>0xfffe</load_address>
         <run_address>0xfffe</run_address>
         <size>0x2</size>
         <input_file_ref idref="fl-77"/>
      </object_component>
      <object_component id="oc-40d">
         <name>.debug_info</name>
         <load_address>0x0</load_address>
         <run_address>0x0</run_address>
         <size>0x6a4</size>
         <input_file_ref idref="fl-2"/>
      </object_component>
      <object_component id="oc-598">
         <name>.debug_info</name>
         <load_address>0x6a4</load_address>
         <run_address>0x6a4</run_address>
         <size>0xdb</size>
         <input_file_ref idref="fl-2"/>
      </object_component>
      <object_component id="oc-3ed">
         <name>.debug_info</name>
         <load_address>0x77f</load_address>
         <run_address>0x77f</run_address>
         <size>0x124</size>
         <input_file_ref idref="fl-2"/>
      </object_component>
      <object_component id="oc-44b">
         <name>.debug_info</name>
         <load_address>0x8a3</load_address>
         <run_address>0x8a3</run_address>
         <size>0xd1</size>
         <input_file_ref idref="fl-2"/>
      </object_component>
      <object_component id="oc-448">
         <name>.debug_info</name>
         <load_address>0x974</load_address>
         <run_address>0x974</run_address>
         <size>0xbd</size>
         <input_file_ref idref="fl-2"/>
      </object_component>
      <object_component id="oc-46b">
         <name>.debug_info</name>
         <load_address>0xa31</load_address>
         <run_address>0xa31</run_address>
         <size>0xc3</size>
         <input_file_ref idref="fl-2"/>
      </object_component>
      <object_component id="oc-523">
         <name>.debug_info</name>
         <load_address>0xaf4</load_address>
         <run_address>0xaf4</run_address>
         <size>0xc2</size>
         <input_file_ref idref="fl-2"/>
      </object_component>
      <object_component id="oc-465">
         <name>.debug_info</name>
         <load_address>0xbb6</load_address>
         <run_address>0xbb6</run_address>
         <size>0x197</size>
         <input_file_ref idref="fl-2"/>
      </object_component>
      <object_component id="oc-526">
         <name>.debug_info</name>
         <load_address>0xd4d</load_address>
         <run_address>0xd4d</run_address>
         <size>0x144</size>
         <input_file_ref idref="fl-2"/>
      </object_component>
      <object_component id="oc-458">
         <name>.debug_info</name>
         <load_address>0xe91</load_address>
         <run_address>0xe91</run_address>
         <size>0x1bf</size>
         <input_file_ref idref="fl-2"/>
      </object_component>
      <object_component id="oc-45e">
         <name>.debug_info</name>
         <load_address>0x1050</load_address>
         <run_address>0x1050</run_address>
         <size>0x141</size>
         <input_file_ref idref="fl-2"/>
      </object_component>
      <object_component id="oc-3fb">
         <name>.debug_info</name>
         <load_address>0x1191</load_address>
         <run_address>0x1191</run_address>
         <size>0x2ba</size>
         <input_file_ref idref="fl-2"/>
      </object_component>
      <object_component id="oc-3e7">
         <name>.debug_info</name>
         <load_address>0x144b</load_address>
         <run_address>0x144b</run_address>
         <size>0x1aa</size>
         <input_file_ref idref="fl-2"/>
      </object_component>
      <object_component id="oc-4cb">
         <name>.debug_info</name>
         <load_address>0x15f5</load_address>
         <run_address>0x15f5</run_address>
         <size>0x11b</size>
         <input_file_ref idref="fl-2"/>
      </object_component>
      <object_component id="oc-4d1">
         <name>.debug_info</name>
         <load_address>0x1710</load_address>
         <run_address>0x1710</run_address>
         <size>0x110</size>
         <input_file_ref idref="fl-2"/>
      </object_component>
      <object_component id="oc-3f5">
         <name>.debug_info</name>
         <load_address>0x1820</load_address>
         <run_address>0x1820</run_address>
         <size>0x179</size>
         <input_file_ref idref="fl-2"/>
      </object_component>
      <object_component id="oc-3e1">
         <name>.debug_info</name>
         <load_address>0x1999</load_address>
         <run_address>0x1999</run_address>
         <size>0x193</size>
         <input_file_ref idref="fl-2"/>
      </object_component>
      <object_component id="oc-4d7">
         <name>.debug_info</name>
         <load_address>0x1b2c</load_address>
         <run_address>0x1b2c</run_address>
         <size>0x130</size>
         <input_file_ref idref="fl-2"/>
      </object_component>
      <object_component id="oc-41d">
         <name>.debug_info</name>
         <load_address>0x1c5c</load_address>
         <run_address>0x1c5c</run_address>
         <size>0x14d</size>
         <input_file_ref idref="fl-2"/>
      </object_component>
      <object_component id="oc-407">
         <name>.debug_info</name>
         <load_address>0x1da9</load_address>
         <run_address>0x1da9</run_address>
         <size>0x1fc</size>
         <input_file_ref idref="fl-2"/>
      </object_component>
      <object_component id="oc-38d">
         <name>.debug_info</name>
         <load_address>0x1fa5</load_address>
         <run_address>0x1fa5</run_address>
         <size>0x2d7</size>
         <input_file_ref idref="fl-2"/>
      </object_component>
      <object_component id="oc-4c2">
         <name>.debug_info</name>
         <load_address>0x227c</load_address>
         <run_address>0x227c</run_address>
         <size>0x26b</size>
         <input_file_ref idref="fl-2"/>
      </object_component>
      <object_component id="oc-375">
         <name>.debug_info</name>
         <load_address>0x24e7</load_address>
         <run_address>0x24e7</run_address>
         <size>0x84</size>
         <input_file_ref idref="fl-2"/>
      </object_component>
      <object_component id="oc-592">
         <name>.debug_info</name>
         <load_address>0x256b</load_address>
         <run_address>0x256b</run_address>
         <size>0x282</size>
         <input_file_ref idref="fl-2"/>
      </object_component>
      <object_component id="oc-442">
         <name>.debug_info</name>
         <load_address>0x27ed</load_address>
         <run_address>0x27ed</run_address>
         <size>0x2c</size>
         <input_file_ref idref="fl-2"/>
      </object_component>
      <object_component id="oc-588">
         <name>.debug_info</name>
         <load_address>0x2819</load_address>
         <run_address>0x2819</run_address>
         <size>0x1a1</size>
         <input_file_ref idref="fl-4c"/>
      </object_component>
      <object_component id="oc-4af">
         <name>.debug_info</name>
         <load_address>0x29ba</load_address>
         <run_address>0x29ba</run_address>
         <size>0x6a2</size>
         <input_file_ref idref="fl-4c"/>
      </object_component>
      <object_component id="oc-5ff">
         <name>.debug_info</name>
         <load_address>0x305c</load_address>
         <run_address>0x305c</run_address>
         <size>0x46</size>
         <input_file_ref idref="fl-4c"/>
      </object_component>
      <object_component id="oc-56b">
         <name>.debug_info</name>
         <load_address>0x30a2</load_address>
         <run_address>0x30a2</run_address>
         <size>0x39</size>
         <input_file_ref idref="fl-4c"/>
      </object_component>
      <object_component id="oc-570">
         <name>.debug_info</name>
         <load_address>0x30db</load_address>
         <run_address>0x30db</run_address>
         <size>0x1d6</size>
         <input_file_ref idref="fl-4d"/>
      </object_component>
      <object_component id="oc-556">
         <name>.debug_info</name>
         <load_address>0x32b1</load_address>
         <run_address>0x32b1</run_address>
         <size>0xf8</size>
         <input_file_ref idref="fl-4d"/>
      </object_component>
      <object_component id="oc-55f">
         <name>.debug_info</name>
         <load_address>0x33a9</load_address>
         <run_address>0x33a9</run_address>
         <size>0xfc</size>
         <input_file_ref idref="fl-4d"/>
      </object_component>
      <object_component id="oc-562">
         <name>.debug_info</name>
         <load_address>0x34a5</load_address>
         <run_address>0x34a5</run_address>
         <size>0xfc</size>
         <input_file_ref idref="fl-4d"/>
      </object_component>
      <object_component id="oc-474">
         <name>.debug_info</name>
         <load_address>0x35a1</load_address>
         <run_address>0x35a1</run_address>
         <size>0x110b</size>
         <input_file_ref idref="fl-4d"/>
      </object_component>
      <object_component id="oc-5e7">
         <name>.debug_info</name>
         <load_address>0x46ac</load_address>
         <run_address>0x46ac</run_address>
         <size>0x182</size>
         <input_file_ref idref="fl-4e"/>
      </object_component>
      <object_component id="oc-547">
         <name>.debug_info</name>
         <load_address>0x482e</load_address>
         <run_address>0x482e</run_address>
         <size>0x300</size>
         <input_file_ref idref="fl-4e"/>
      </object_component>
      <object_component id="oc-481">
         <name>.debug_info</name>
         <load_address>0x4b2e</load_address>
         <run_address>0x4b2e</run_address>
         <size>0x161</size>
         <input_file_ref idref="fl-4f"/>
      </object_component>
      <object_component id="oc-5f9">
         <name>.debug_info</name>
         <load_address>0x4c8f</load_address>
         <run_address>0x4c8f</run_address>
         <size>0x1ba</size>
         <input_file_ref idref="fl-50"/>
      </object_component>
      <object_component id="oc-565">
         <name>.debug_info</name>
         <load_address>0x4e49</load_address>
         <run_address>0x4e49</run_address>
         <size>0x1de</size>
         <input_file_ref idref="fl-50"/>
      </object_component>
      <object_component id="oc-5fa">
         <name>.debug_info</name>
         <load_address>0x5027</load_address>
         <run_address>0x5027</run_address>
         <size>0x2c</size>
         <input_file_ref idref="fl-50"/>
      </object_component>
      <object_component id="oc-5f3">
         <name>.debug_info</name>
         <load_address>0x5053</load_address>
         <run_address>0x5053</run_address>
         <size>0x16b</size>
         <input_file_ref idref="fl-51"/>
      </object_component>
      <object_component id="oc-53a">
         <name>.debug_info</name>
         <load_address>0x51be</load_address>
         <run_address>0x51be</run_address>
         <size>0x120</size>
         <input_file_ref idref="fl-52"/>
      </object_component>
      <object_component id="oc-60a">
         <name>.debug_info</name>
         <load_address>0x52de</load_address>
         <run_address>0x52de</run_address>
         <size>0x126</size>
         <input_file_ref idref="fl-52"/>
      </object_component>
      <object_component id="oc-487">
         <name>.debug_info</name>
         <load_address>0x5404</load_address>
         <run_address>0x5404</run_address>
         <size>0x138</size>
         <input_file_ref idref="fl-55"/>
      </object_component>
      <object_component id="oc-574">
         <name>.debug_info</name>
         <load_address>0x553c</load_address>
         <run_address>0x553c</run_address>
         <size>0x123</size>
         <input_file_ref idref="fl-56"/>
      </object_component>
      <object_component id="oc-388">
         <name>.debug_info</name>
         <load_address>0x565f</load_address>
         <run_address>0x565f</run_address>
         <size>0x10f</size>
         <input_file_ref idref="fl-6c"/>
      </object_component>
      <object_component id="oc-53d">
         <name>.debug_info</name>
         <load_address>0x576e</load_address>
         <run_address>0x576e</run_address>
         <size>0x120</size>
         <input_file_ref idref="fl-6e"/>
      </object_component>
      <object_component id="oc-491">
         <name>.debug_info</name>
         <load_address>0x588e</load_address>
         <run_address>0x588e</run_address>
         <size>0x126</size>
         <input_file_ref idref="fl-6e"/>
      </object_component>
      <object_component id="oc-543">
         <name>.debug_info</name>
         <load_address>0x59b4</load_address>
         <run_address>0x59b4</run_address>
         <size>0x120</size>
         <input_file_ref idref="fl-6f"/>
      </object_component>
      <object_component id="oc-496">
         <name>.debug_info</name>
         <load_address>0x5ad4</load_address>
         <run_address>0x5ad4</run_address>
         <size>0x126</size>
         <input_file_ref idref="fl-6f"/>
      </object_component>
      <object_component id="oc-48b">
         <name>.debug_info</name>
         <load_address>0x5bfa</load_address>
         <run_address>0x5bfa</run_address>
         <size>0x130</size>
         <input_file_ref idref="fl-71"/>
      </object_component>
      <object_component id="oc-3f0">
         <name>.debug_info</name>
         <load_address>0x5d2a</load_address>
         <run_address>0x5d2a</run_address>
         <size>0x130</size>
         <input_file_ref idref="fl-74"/>
      </object_component>
      <object_component id="oc-618">
         <name>.debug_info</name>
         <load_address>0x5e5a</load_address>
         <run_address>0x5e5a</run_address>
         <size>0x136</size>
         <input_file_ref idref="fl-75"/>
      </object_component>
      <object_component id="oc-613">
         <name>.debug_info</name>
         <load_address>0x5f90</load_address>
         <run_address>0x5f90</run_address>
         <size>0x132</size>
         <input_file_ref idref="fl-76"/>
      </object_component>
      <object_component id="oc-36c">
         <name>.debug_info</name>
         <load_address>0x60c2</load_address>
         <run_address>0x60c2</run_address>
         <size>0x100</size>
         <input_file_ref idref="fl-77"/>
      </object_component>
      <object_component id="oc-3a8">
         <name>.debug_info</name>
         <load_address>0x61c2</load_address>
         <run_address>0x61c2</run_address>
         <size>0x17a</size>
         <input_file_ref idref="fl-77"/>
      </object_component>
      <object_component id="oc-5b6">
         <name>.debug_info</name>
         <load_address>0x633c</load_address>
         <run_address>0x633c</run_address>
         <size>0x3fc</size>
         <input_file_ref idref="fl-78"/>
      </object_component>
      <object_component id="oc-503">
         <name>.debug_info</name>
         <load_address>0x6738</load_address>
         <run_address>0x6738</run_address>
         <size>0x230</size>
         <input_file_ref idref="fl-78"/>
      </object_component>
      <object_component id="oc-63e">
         <name>.debug_info</name>
         <load_address>0x6968</load_address>
         <run_address>0x6968</run_address>
         <size>0x39</size>
         <input_file_ref idref="fl-78"/>
      </object_component>
      <object_component id="oc-64a">
         <name>.debug_info</name>
         <load_address>0x69a1</load_address>
         <run_address>0x69a1</run_address>
         <size>0x2c</size>
         <input_file_ref idref="fl-78"/>
      </object_component>
      <object_component id="oc-5c1">
         <name>.debug_info</name>
         <load_address>0x69cd</load_address>
         <run_address>0x69cd</run_address>
         <size>0x2c</size>
         <input_file_ref idref="fl-78"/>
      </object_component>
      <object_component id="oc-643">
         <name>.debug_info</name>
         <load_address>0x69f9</load_address>
         <run_address>0x69f9</run_address>
         <size>0xcd</size>
         <input_file_ref idref="fl-78"/>
      </object_component>
      <object_component id="oc-3d8">
         <name>.debug_info</name>
         <load_address>0x6ac6</load_address>
         <run_address>0x6ac6</run_address>
         <size>0x2c</size>
         <input_file_ref idref="fl-7a"/>
      </object_component>
      <object_component id="oc-61d">
         <name>.debug_info</name>
         <load_address>0x6af2</load_address>
         <run_address>0x6af2</run_address>
         <size>0x188</size>
         <input_file_ref idref="fl-7c"/>
      </object_component>
      <object_component id="oc-418">
         <name>.debug_info</name>
         <load_address>0x6c7a</load_address>
         <run_address>0x6c7a</run_address>
         <size>0x153</size>
         <input_file_ref idref="fl-7d"/>
      </object_component>
      <object_component id="oc-5b0">
         <name>.debug_info</name>
         <load_address>0x6dcd</load_address>
         <run_address>0x6dcd</run_address>
         <size>0x150</size>
         <input_file_ref idref="fl-7e"/>
      </object_component>
      <object_component id="oc-386">
         <name>.debug_info</name>
         <load_address>0x6f1d</load_address>
         <run_address>0x6f1d</run_address>
         <size>0x18f</size>
         <input_file_ref idref="fl-7f"/>
      </object_component>
      <object_component id="oc-76">
         <name>.debug_info</name>
         <load_address>0x70ac</load_address>
         <run_address>0x70ac</run_address>
         <size>0x1d3</size>
         <input_file_ref idref="fl-7f"/>
      </object_component>
      <object_component id="oc-381">
         <name>.debug_info</name>
         <load_address>0x727f</load_address>
         <run_address>0x727f</run_address>
         <size>0x46</size>
         <input_file_ref idref="fl-7f"/>
      </object_component>
      <object_component id="oc-3d5">
         <name>.debug_info</name>
         <load_address>0x72c5</load_address>
         <run_address>0x72c5</run_address>
         <size>0x17b</size>
         <input_file_ref idref="fl-80"/>
      </object_component>
      <object_component id="oc-6f">
         <name>.debug_info</name>
         <load_address>0x7440</load_address>
         <run_address>0x7440</run_address>
         <size>0x250</size>
         <input_file_ref idref="fl-80"/>
      </object_component>
      <object_component id="oc-370">
         <name>.debug_info</name>
         <load_address>0x7690</load_address>
         <run_address>0x7690</run_address>
         <size>0x60</size>
         <input_file_ref idref="fl-80"/>
      </object_component>
      <object_component id="oc-438">
         <name>.debug_info</name>
         <load_address>0x76f0</load_address>
         <run_address>0x76f0</run_address>
         <size>0x46</size>
         <input_file_ref idref="fl-80"/>
      </object_component>
      <object_component id="oc-3d0">
         <name>.debug_info</name>
         <load_address>0x7736</load_address>
         <run_address>0x7736</run_address>
         <size>0x39</size>
         <input_file_ref idref="fl-80"/>
      </object_component>
      <object_component id="oc-5e2">
         <name>.debug_info</name>
         <load_address>0x776f</load_address>
         <run_address>0x776f</run_address>
         <size>0x169</size>
         <input_file_ref idref="fl-81"/>
      </object_component>
      <object_component id="oc-534">
         <name>.debug_info</name>
         <load_address>0x78d8</load_address>
         <run_address>0x78d8</run_address>
         <size>0x3a0</size>
         <input_file_ref idref="fl-81"/>
      </object_component>
      <object_component id="oc-4a8">
         <name>.debug_info</name>
         <load_address>0x7c78</load_address>
         <run_address>0x7c78</run_address>
         <size>0x1cf</size>
         <input_file_ref idref="fl-82"/>
      </object_component>
      <object_component id="oc-49c">
         <name>.debug_info</name>
         <load_address>0x7e47</load_address>
         <run_address>0x7e47</run_address>
         <size>0x94</size>
         <input_file_ref idref="fl-82"/>
      </object_component>
      <object_component id="oc-585">
         <name>.debug_info</name>
         <load_address>0x7edb</load_address>
         <run_address>0x7edb</run_address>
         <size>0x1a7</size>
         <input_file_ref idref="fl-83"/>
      </object_component>
      <object_component id="oc-4a2">
         <name>.debug_info</name>
         <load_address>0x8082</load_address>
         <run_address>0x8082</run_address>
         <size>0x252</size>
         <input_file_ref idref="fl-83"/>
      </object_component>
      <object_component id="oc-4ba">
         <name>.debug_info</name>
         <load_address>0x82d4</load_address>
         <run_address>0x82d4</run_address>
         <size>0x17c</size>
         <input_file_ref idref="fl-84"/>
      </object_component>
      <object_component id="oc-47d">
         <name>.debug_info</name>
         <load_address>0x8450</load_address>
         <run_address>0x8450</run_address>
         <size>0x1b0</size>
         <input_file_ref idref="fl-85"/>
      </object_component>
      <object_component id="oc-46e">
         <name>.debug_info</name>
         <load_address>0x8600</load_address>
         <run_address>0x8600</run_address>
         <size>0x166</size>
         <input_file_ref idref="fl-86"/>
      </object_component>
      <object_component id="oc-49b">
         <name>.debug_info</name>
         <load_address>0x8766</load_address>
         <run_address>0x8766</run_address>
         <size>0x175</size>
         <input_file_ref idref="fl-87"/>
      </object_component>
      <object_component id="oc-402">
         <name>.debug_info</name>
         <load_address>0x88db</load_address>
         <run_address>0x88db</run_address>
         <size>0x1f3</size>
         <input_file_ref idref="fl-87"/>
      </object_component>
      <object_component id="oc-60d">
         <name>.debug_info</name>
         <load_address>0x8ace</load_address>
         <run_address>0x8ace</run_address>
         <size>0x17c</size>
         <input_file_ref idref="fl-88"/>
      </object_component>
      <object_component id="oc-580">
         <name>.debug_info</name>
         <load_address>0x8c4a</load_address>
         <run_address>0x8c4a</run_address>
         <size>0x5bd</size>
         <input_file_ref idref="fl-88"/>
      </object_component>
      <object_component id="oc-590">
         <name>.debug_info</name>
         <load_address>0x9207</load_address>
         <run_address>0x9207</run_address>
         <size>0x19c</size>
         <input_file_ref idref="fl-89"/>
      </object_component>
      <object_component id="oc-4b6">
         <name>.debug_info</name>
         <load_address>0x93a3</load_address>
         <run_address>0x93a3</run_address>
         <size>0x295</size>
         <input_file_ref idref="fl-89"/>
      </object_component>
      <object_component id="oc-54f">
         <name>.debug_info</name>
         <load_address>0x9638</load_address>
         <run_address>0x9638</run_address>
         <size>0x163</size>
         <input_file_ref idref="fl-8a"/>
      </object_component>
      <object_component id="oc-559">
         <name>.debug_info</name>
         <load_address>0x979b</load_address>
         <run_address>0x979b</run_address>
         <size>0x1a3</size>
         <input_file_ref idref="fl-8b"/>
      </object_component>
      <object_component id="oc-4df">
         <name>.debug_info</name>
         <load_address>0x993e</load_address>
         <run_address>0x993e</run_address>
         <size>0x122</size>
         <input_file_ref idref="fl-8c"/>
      </object_component>
      <object_component id="oc-3d7">
         <name>.debug_info</name>
         <load_address>0x9a60</load_address>
         <run_address>0x9a60</run_address>
         <size>0x19a</size>
         <input_file_ref idref="fl-8f"/>
      </object_component>
      <object_component id="oc-37c">
         <name>.debug_info</name>
         <load_address>0x9bfa</load_address>
         <run_address>0x9bfa</run_address>
         <size>0x17a</size>
         <input_file_ref idref="fl-8f"/>
      </object_component>
      <object_component id="oc-521">
         <name>.debug_info</name>
         <load_address>0x9d74</load_address>
         <run_address>0x9d74</run_address>
         <size>0x177</size>
         <input_file_ref idref="fl-90"/>
      </object_component>
      <object_component id="oc-452">
         <name>.debug_info</name>
         <load_address>0x9eeb</load_address>
         <run_address>0x9eeb</run_address>
         <size>0x275</size>
         <input_file_ref idref="fl-90"/>
      </object_component>
      <object_component id="oc-553">
         <name>.debug_info</name>
         <load_address>0xa160</load_address>
         <run_address>0xa160</run_address>
         <size>0xfe</size>
         <input_file_ref idref="fl-91"/>
      </object_component>
      <object_component id="oc-5d6">
         <name>.debug_info</name>
         <load_address>0xa25e</load_address>
         <run_address>0xa25e</run_address>
         <size>0x188</size>
         <input_file_ref idref="fl-93"/>
      </object_component>
      <object_component id="oc-5dc">
         <name>.debug_info</name>
         <load_address>0xa3e6</load_address>
         <run_address>0xa3e6</run_address>
         <size>0x188</size>
         <input_file_ref idref="fl-94"/>
      </object_component>
      <object_component id="oc-58c">
         <name>.debug_info</name>
         <load_address>0xa56e</load_address>
         <run_address>0xa56e</run_address>
         <size>0x244</size>
         <input_file_ref idref="fl-95"/>
      </object_component>
      <object_component id="oc-6df">
         <name>.debug_info</name>
         <load_address>0xa7b2</load_address>
         <run_address>0xa7b2</run_address>
         <size>0x94</size>
      </object_component>
      <object_component id="oc-4c1">
         <name>.debug_line</name>
         <load_address>0x0</load_address>
         <run_address>0x0</run_address>
         <size>0xa7</size>
         <input_file_ref idref="fl-2"/>
      </object_component>
      <object_component id="oc-626">
         <name>.debug_line</name>
         <load_address>0xa7</load_address>
         <run_address>0xa7</run_address>
         <size>0x2d</size>
         <input_file_ref idref="fl-2"/>
      </object_component>
      <object_component id="oc-44f">
         <name>.debug_line</name>
         <load_address>0xd4</load_address>
         <run_address>0xd4</run_address>
         <size>0x2d</size>
         <input_file_ref idref="fl-2"/>
      </object_component>
      <object_component id="oc-51f">
         <name>.debug_line</name>
         <load_address>0x101</load_address>
         <run_address>0x101</run_address>
         <size>0x2d</size>
         <input_file_ref idref="fl-2"/>
      </object_component>
      <object_component id="oc-51d">
         <name>.debug_line</name>
         <load_address>0x12e</load_address>
         <run_address>0x12e</run_address>
         <size>0x2d</size>
         <input_file_ref idref="fl-2"/>
      </object_component>
      <object_component id="oc-52f">
         <name>.debug_line</name>
         <load_address>0x15b</load_address>
         <run_address>0x15b</run_address>
         <size>0x2d</size>
         <input_file_ref idref="fl-2"/>
      </object_component>
      <object_component id="oc-5d3">
         <name>.debug_line</name>
         <load_address>0x188</load_address>
         <run_address>0x188</run_address>
         <size>0x2d</size>
         <input_file_ref idref="fl-2"/>
      </object_component>
      <object_component id="oc-469">
         <name>.debug_line</name>
         <load_address>0x1b5</load_address>
         <run_address>0x1b5</run_address>
         <size>0x53</size>
         <input_file_ref idref="fl-2"/>
      </object_component>
      <object_component id="oc-529">
         <name>.debug_line</name>
         <load_address>0x208</load_address>
         <run_address>0x208</run_address>
[...]
         <object_component_ref idref="oc-3ec"/>
      </symbol>
      <symbol id="sm-412">
         <name>accelerometerInterrupt</name>
         <value>0x4400</value>
         <object_component_ref idref="oc-38c"/>
      </symbol>
      <symbol id="sm-413">
         <name>Dogs102x6_backlightInit</name>
         <value>0x13748</value>
         <object_component_ref idref="oc-4d0"/>
      </symbol>
      <symbol id="sm-414">
         <name>Dogs102x6_writeData</name>
         <value>0x135c8</value>
         <object_component_ref idref="oc-45d"/>
      </symbol>
      <symbol id="sm-415">
         <name>Dogs102x6_initMacro</name>
         <value>0x2484</value>
         <object_component_ref idref="oc-597"/>
      </symbol>
      <symbol id="sm-416">
         <name>Dogs102x6_writeCommand</name>
         <value>0x13594</value>
         <object_component_ref idref="oc-525"/>
      </symbol>
      <symbol id="sm-47b">
         <name>acosl</name>
         <value>0x11876</value>
         <object_component_ref idref="oc-4ad"/>
      </symbol>
      <symbol id="sm-47c">
         <name>acos</name>
         <value>0x11876</value>
         <object_component_ref idref="oc-4ad"/>
      </symbol>
      <symbol id="sm-509">
         <name>pow</name>
         <value>0x10000</value>
         <object_component_ref idref="oc-473"/>
      </symbol>
      <symbol id="sm-50a">
         <name>powl</name>
         <value>0x10000</value>
         <object_component_ref idref="oc-473"/>
      </symbol>
      <symbol id="sm-535">
         <name>sqrtl</name>
         <value>0x12204</value>
         <object_component_ref idref="oc-546"/>
      </symbol>
      <symbol id="sm-536">
         <name>sqrt</name>
         <value>0x12204</value>
         <object_component_ref idref="oc-546"/>
      </symbol>
      <symbol id="sm-53f">
         <name>fabsl</name>
         <value>0x13702</value>
         <object_component_ref idref="oc-47f"/>
      </symbol>
      <symbol id="sm-540">
         <name>fabs</name>
         <value>0x13702</value>
         <object_component_ref idref="oc-47f"/>
      </symbol>
      <symbol id="sm-55e">
         <name>scalbn</name>
         <value>0x12af2</value>
         <object_component_ref idref="oc-564"/>
      </symbol>
      <symbol id="sm-55f">
         <name>scalbnl</name>
         <value>0x12af2</value>
         <object_component_ref idref="oc-564"/>
      </symbol>
      <symbol id="sm-560">
         <name>ldexpl</name>
         <value>0x12af2</value>
         <object_component_ref idref="oc-564"/>
      </symbol>
      <symbol id="sm-561">
         <name>ldexp</name>
         <value>0x12af2</value>
         <object_component_ref idref="oc-564"/>
      </symbol>
      <symbol id="sm-56a">
         <name>copysign</name>
         <value>0x1365c</value>
         <object_component_ref idref="oc-5f2"/>
      </symbol>
      <symbol id="sm-56b">
         <name>copysignl</name>
         <value>0x1365c</value>
         <object_component_ref idref="oc-5f2"/>
      </symbol>
      <symbol id="sm-57b">
         <name>__mspabi_sral</name>
         <value>0x13782</value>
         <object_component_ref idref="oc-537"/>
      </symbol>
      <symbol id="sm-57c">
         <name>__mspabi_sral_15</name>
         <value>0x1342a</value>
         <object_component_ref idref="oc-607"/>
      </symbol>
      <symbol id="sm-57d">
         <name>__mspabi_sral_14</name>
         <value>0x1342e</value>
         <object_component_ref idref="oc-607"/>
      </symbol>
      <symbol id="sm-57e">
         <name>__mspabi_sral_13</name>
         <value>0x13432</value>
         <object_component_ref idref="oc-607"/>
      </symbol>
      <symbol id="sm-57f">
         <name>__mspabi_sral_12</name>
         <value>0x13436</value>
         <object_component_ref idref="oc-607"/>
      </symbol>
      <symbol id="sm-580">
         <name>__mspabi_sral_11</name>
         <value>0x1343a</value>
         <object_component_ref idref="oc-607"/>
      </symbol>
      <symbol id="sm-581">
         <name>__mspabi_sral_10</name>
         <value>0x1343e</value>
         <object_component_ref idref="oc-607"/>
      </symbol>
      <symbol id="sm-582">
         <name>__mspabi_sral_8</name>
         <value>0x13446</value>
         <object_component_ref idref="oc-607"/>
      </symbol>
      <symbol id="sm-583">
         <name>__mspabi_sral_9</name>
         <value>0x13442</value>
         <object_component_ref idref="oc-607"/>
      </symbol>
      <symbol id="sm-584">
         <name>__mspabi_sral_6</name>
         <value>0x1344e</value>
         <object_component_ref idref="oc-607"/>
      </symbol>
      <symbol id="sm-585">
         <name>__mspabi_sral_7</name>
         <value>0x1344a</value>
         <object_component_ref idref="oc-607"/>
      </symbol>
      <symbol id="sm-586">
         <name>__mspabi_sral_4</name>
         <value>0x13456</value>
         <object_component_ref idref="oc-607"/>
      </symbol>
      <symbol id="sm-587">
         <name>__mspabi_sral_5</name>
         <value>0x13452</value>
         <object_component_ref idref="oc-607"/>
      </symbol>
      <symbol id="sm-588">
         <name>__mspabi_sral_2</name>
         <value>0x1345e</value>
         <object_component_ref idref="oc-607"/>
      </symbol>
      <symbol id="sm-589">
         <name>__mspabi_sral_3</name>
         <value>0x1345a</value>
         <object_component_ref idref="oc-607"/>
      </symbol>
      <symbol id="sm-58a">
         <name>__mspabi_sral_1</name>
         <value>0x13462</value>
         <object_component_ref idref="oc-607"/>
      </symbol>
      <symbol id="sm-598">
         <name>__mspabi_remli</name>
         <value>0x133ac</value>
         <object_component_ref idref="oc-485"/>
      </symbol>
      <symbol id="sm-599">
         <name>__mspabi_divli</name>
         <value>0x133ac</value>
         <object_component_ref idref="oc-485"/>
      </symbol>
      <symbol id="sm-5a7">
         <name>__mspabi_remul</name>
         <value>0x1323e</value>
         <object_component_ref idref="oc-573"/>
      </symbol>
      <symbol id="sm-5a8">
         <name>__mspabi_divul</name>
         <value>0x1323e</value>
         <object_component_ref idref="oc-573"/>
      </symbol>
      <symbol id="sm-5ab">
         <name>__TI_int41</name>
         <value>0xffd2</value>
         <object_component_ref idref="oc-79"/>
      </symbol>
      <symbol id="sm-5ae">
         <name>__TI_int43</name>
         <value>0xffd6</value>
         <object_component_ref idref="oc-7b"/>
      </symbol>
      <symbol id="sm-5b1">
         <name>__TI_int44</name>
         <value>0xffd8</value>
         <object_component_ref idref="oc-7c"/>
      </symbol>
      <symbol id="sm-5b4">
         <name>__TI_int45</name>
         <value>0xffda</value>
         <object_component_ref idref="oc-7d"/>
      </symbol>
      <symbol id="sm-5b7">
         <name>__TI_int46</name>
         <value>0xffdc</value>
         <object_component_ref idref="oc-7e"/>
      </symbol>
      <symbol id="sm-5ba">
         <name>__TI_int47</name>
         <value>0xffde</value>
         <object_component_ref idref="oc-7f"/>
      </symbol>
      <symbol id="sm-5bd">
         <name>__TI_int48</name>
         <value>0xffe0</value>
         <object_component_ref idref="oc-80"/>
      </symbol>
      <symbol id="sm-5c0">
         <name>__TI_int49</name>
         <value>0xffe2</value>
         <object_component_ref idref="oc-81"/>
      </symbol>
      <symbol id="sm-5c3">
         <name>__TI_int50</name>
         <value>0xffe4</value>
         <object_component_ref idref="oc-82"/>
      </symbol>
      <symbol id="sm-5c6">
         <name>__TI_int51</name>
         <value>0xffe6</value>
         <object_component_ref idref="oc-83"/>
      </symbol>
      <symbol id="sm-5c9">
         <name>__TI_int52</name>
         <value>0xffe8</value>
         <object_component_ref idref="oc-84"/>
      </symbol>
      <symbol id="sm-5cc">
         <name>__TI_int53</name>
         <value>0xffea</value>
         <object_component_ref idref="oc-85"/>
      </symbol>
      <symbol id="sm-5cf">
         <name>__TI_int54</name>
         <value>0xffec</value>
         <object_component_ref idref="oc-86"/>
      </symbol>
      <symbol id="sm-5d2">
         <name>__TI_int55</name>
         <value>0xffee</value>
         <object_component_ref idref="oc-87"/>
      </symbol>
      <symbol id="sm-5d5">
         <name>__TI_int56</name>
         <value>0xfff0</value>
         <object_component_ref idref="oc-88"/>
      </symbol>
      <symbol id="sm-5d8">
         <name>__TI_int57</name>
         <value>0xfff2</value>
         <object_component_ref idref="oc-89"/>
      </symbol>
      <symbol id="sm-5db">
         <name>__TI_int58</name>
         <value>0xfff4</value>
         <object_component_ref idref="oc-8a"/>
      </symbol>
      <symbol id="sm-5de">
         <name>__TI_int59</name>
         <value>0xfff6</value>
         <object_component_ref idref="oc-8b"/>
      </symbol>
      <symbol id="sm-5e1">
         <name>__TI_int60</name>
         <value>0xfff8</value>
         <object_component_ref idref="oc-8c"/>
      </symbol>
      <symbol id="sm-5e4">
         <name>__TI_int61</name>
         <value>0xfffa</value>
         <object_component_ref idref="oc-8d"/>
      </symbol>
      <symbol id="sm-5e7">
         <name>__TI_int62</name>
         <value>0xfffc</value>
         <object_component_ref idref="oc-8e"/>
      </symbol>
      <symbol id="sm-5ef">
         <name>__TI_ISR_TRAP</name>
         <value>0x44c4</value>
         <object_component_ref idref="oc-387"/>
      </symbol>
      <symbol id="sm-600">
         <name>__mspabi_slll_9</name>
         <value>0x13480</value>
         <object_component_ref idref="oc-490"/>
      </symbol>
      <symbol id="sm-601">
         <name>__mspabi_slll_8</name>
         <value>0x13484</value>
         <object_component_ref idref="oc-490"/>
      </symbol>
      <symbol id="sm-602">
         <name>__mspabi_slll_7</name>
         <value>0x13488</value>
         <object_component_ref idref="oc-490"/>
      </symbol>
      <symbol id="sm-603">
         <name>__mspabi_slll_6</name>
         <value>0x1348c</value>
         <object_component_ref idref="oc-490"/>
      </symbol>
      <symbol id="sm-604">
         <name>__mspabi_slll_5</name>
         <value>0x13490</value>
         <object_component_ref idref="oc-490"/>
      </symbol>
      <symbol id="sm-605">
         <name>__mspabi_slll_4</name>
         <value>0x13494</value>
         <object_component_ref idref="oc-490"/>
      </symbol>
      <symbol id="sm-606">
         <name>__mspabi_slll_3</name>
         <value>0x13498</value>
         <object_component_ref idref="oc-490"/>
      </symbol>
      <symbol id="sm-607">
         <name>__mspabi_slll_2</name>
         <value>0x1349c</value>
         <object_component_ref idref="oc-490"/>
      </symbol>
      <symbol id="sm-608">
         <name>__mspabi_slll_1</name>
         <value>0x134a0</value>
         <object_component_ref idref="oc-490"/>
      </symbol>
      <symbol id="sm-609">
         <name>__mspabi_slll</name>
         <value>0x13792</value>
         <object_component_ref idref="oc-53c"/>
      </symbol>
      <symbol id="sm-60a">
         <name>__mspabi_slll_15</name>
         <value>0x13468</value>
         <object_component_ref idref="oc-490"/>
      </symbol>
      <symbol id="sm-60b">
         <name>__mspabi_slll_14</name>
         <value>0x1346c</value>
         <object_component_ref idref="oc-490"/>
      </symbol>
      <symbol id="sm-60c">
         <name>__mspabi_slll_13</name>
         <value>0x13470</value>
         <object_component_ref idref="oc-490"/>
      </symbol>
      <symbol id="sm-60d">
         <name>__mspabi_slll_12</name>
         <value>0x13474</value>
         <object_component_ref idref="oc-490"/>
      </symbol>
      <symbol id="sm-60e">
         <name>__mspabi_slll_11</name>
         <value>0x13478</value>
         <object_component_ref idref="oc-490"/>
      </symbol>
      <symbol id="sm-60f">
         <name>__mspabi_slll_10</name>
         <value>0x1347c</value>
         <object_component_ref idref="oc-490"/>
      </symbol>
      <symbol id="sm-61f">
         <name>__mspabi_srll_8</name>
         <value>0x134c2</value>
         <object_component_ref idref="oc-495"/>
      </symbol>
      <symbol id="sm-620">
         <name>__mspabi_srll_9</name>
         <value>0x134be</value>
         <object_component_ref idref="oc-495"/>
      </symbol>
      <symbol id="sm-621">
         <name>__mspabi_srll_6</name>
         <value>0x134ca</value>
         <object_component_ref idref="oc-495"/>
      </symbol>
      <symbol id="sm-622">
         <name>__mspabi_srll_7</name>
         <value>0x134c6</value>
         <object_component_ref idref="oc-495"/>
      </symbol>
      <symbol id="sm-623">
         <name>__mspabi_srll_4</name>
         <value>0x134d2</value>
         <object_component_ref idref="oc-495"/>
      </symbol>
      <symbol id="sm-624">
         <name>__mspabi_srll_5</name>
         <value>0x134ce</value>
         <object_component_ref idref="oc-495"/>
      </symbol>
      <symbol id="sm-625">
         <name>__mspabi_srll_2</name>
         <value>0x134da</value>
         <object_component_ref idref="oc-495"/>
      </symbol>
      <symbol id="sm-626">
         <name>__mspabi_srll_3</name>
         <value>0x134d6</value>
         <object_component_ref idref="oc-495"/>
      </symbol>
      <symbol id="sm-627">
         <name>__mspabi_srll_1</name>
         <value>0x134de</value>
         <object_component_ref idref="oc-495"/>
      </symbol>
      <symbol id="sm-628">
         <name>__mspabi_srll_15</name>
         <value>0x134a6</value>
         <object_component_ref idref="oc-495"/>
      </symbol>
      <symbol id="sm-629">
         <name>__mspabi_srll_14</name>
         <value>0x134aa</value>
         <object_component_ref idref="oc-495"/>
      </symbol>
      <symbol id="sm-62a">
         <name>__mspabi_srll_13</name>
         <value>0x134ae</value>
         <object_component_ref idref="oc-495"/>
      </symbol>
      <symbol id="sm-62b">
         <name>__mspabi_srll_12</name>
         <value>0x134b2</value>
         <object_component_ref idref="oc-495"/>
      </symbol>
      <symbol id="sm-62c">
         <name>__mspabi_srll_11</name>
         <value>0x134b6</value>
         <object_component_ref idref="oc-495"/>
      </symbol>
      <symbol id="sm-62d">
         <name>__mspabi_srll_10</name>
         <value>0x134ba</value>
         <object_component_ref idref="oc-495"/>
      </symbol>
      <symbol id="sm-62e">
         <name>__mspabi_srll</name>
         <value>0x137a2</value>
         <object_component_ref idref="oc-541"/>
      </symbol>
      <symbol id="sm-637">
         <name>__mspabi_mpyi_f5hw</name>
         <value>0x1371a</value>
         <object_component_ref idref="oc-48a"/>
      </symbol>
      <symbol id="sm-641">
         <name>__mspabi_mpyl_f5hw</name>
         <value>0x136de</value>
         <object_component_ref idref="oc-3ef"/>
      </symbol>
      <symbol id="sm-649">
         <name>__mspabi_mpyull_f5hw</name>
         <value>0x1368a</value>
         <object_component_ref idref="oc-617"/>
      </symbol>
      <symbol id="sm-651">
         <name>__mspabi_mpyll_f5hw</name>
         <value>0x1318a</value>
         <object_component_ref idref="oc-612"/>
      </symbol>
      <symbol id="sm-661">
         <name>_stack</name>
         <value>0x4360</value>
         <object_component_ref idref="oc-36b"/>
      </symbol>
      <symbol id="sm-662">
         <name>_c_int00_noargs</name>
         <value>0x44a8</value>
         <object_component_ref idref="oc-3a4"/>
      </symbol>
      <symbol id="sm-663">
         <name>_reset_vector</name>
         <value>0xfffe</value>
         <object_component_ref idref="oc-36e"/>
      </symbol>
      <symbol id="sm-686">
         <name>__TI_auto_init_nobinit_nopinit_hold_wdt</name>
         <value>0x13296</value>
         <object_component_ref idref="oc-501"/>
      </symbol>
      <symbol id="sm-69b">
         <name>__mspabi_srlll</name>
         <value>0x1355a</value>
         <object_component_ref idref="oc-61c"/>
      </symbol>
      <symbol id="sm-6a4">
         <name>_system_pre_init</name>
         <value>0x137c4</value>
         <object_component_ref idref="oc-416"/>
      </symbol>
      <symbol id="sm-6ad">
         <name>_system_post_cinit</name>
         <value>0x137c8</value>
         <object_component_ref idref="oc-5af"/>
      </symbol>
      <symbol id="sm-6be">
         <name>__TI_decompress_none</name>
         <value>0x13770</value>
         <object_component_ref idref="oc-73"/>
      </symbol>
      <symbol id="sm-6e1">
         <name>__TI_decompress_lzss</name>
         <value>0x12fe0</value>
         <object_component_ref idref="oc-6d"/>
      </symbol>
      <symbol id="sm-71b">
         <name>__mspabi_addd</name>
         <value>0x1114c</value>
         <object_component_ref idref="oc-531"/>
      </symbol>
      <symbol id="sm-73a">
         <name>__mspabi_cmpd</name>
         <value>0x12d30</value>
         <object_component_ref idref="oc-4a7"/>
      </symbol>
      <symbol id="sm-75b">
         <name>__mspabi_divd</name>
         <value>0x12772</value>
         <object_component_ref idref="oc-4a1"/>
      </symbol>
      <symbol id="sm-768">
         <name>__mspabi_fixdi</name>
         <value>0x136b6</value>
         <object_component_ref idref="oc-4b9"/>
      </symbol>
      <symbol id="sm-777">
         <name>__mspabi_fixdli</name>
         <value>0x130c6</value>
         <object_component_ref idref="oc-479"/>
      </symbol>
      <symbol id="sm-780">
         <name>__mspabi_fltid</name>
         <value>0x137b2</value>
         <object_component_ref idref="oc-46d"/>
      </symbol>
      <symbol id="sm-798">
         <name>__mspabi_fltlid</name>
         <value>0x12ea6</value>
         <object_component_ref idref="oc-400"/>
      </symbol>
      <symbol id="sm-7b3">
         <name>__TI_frcdivd</name>
         <value>0x11d9c</value>
         <object_component_ref idref="oc-57e"/>
      </symbol>
      <symbol id="sm-7d8">
         <name>__mspabi_mpyd</name>
         <value>0x124e0</value>
         <object_component_ref idref="oc-4b3"/>
      </symbol>
      <symbol id="sm-7e1">
         <name>__mspabi_negd</name>
         <value>0x1362e</value>
         <object_component_ref idref="oc-54c"/>
      </symbol>
      <symbol id="sm-7ea">
         <name>__mspabi_subd</name>
         <value>0x135fc</value>
         <object_component_ref idref="oc-558"/>
      </symbol>
      <symbol id="sm-7f4">
         <name>C$$EXIT</name>
         <value>0x137be</value>
         <object_component_ref idref="oc-4dd"/>
      </symbol>
      <symbol id="sm-7f5">
         <name>abort</name>
         <value>0x137be</value>
         <object_component_ref idref="oc-4dd"/>
      </symbol>
      <symbol id="sm-805">
         <name>memcpy</name>
         <value>0x1375c</value>
         <object_component_ref idref="oc-37a"/>
      </symbol>
      <symbol id="sm-813">
         <name>memset</name>
         <value>0x13732</value>
         <object_component_ref idref="oc-451"/>
      </symbol>
      <symbol id="sm-81a">
         <name>errno</name>
         <value>0x24b0</value>
         <object_component_ref idref="oc-552"/>
      </symbol>
      <symbol id="sm-828">
         <name>__mspabi_srall</name>
         <value>0x1336c</value>
         <object_component_ref idref="oc-5d5"/>
      </symbol>
      <symbol id="sm-835">
         <name>__mspabi_sllll</name>
         <value>0x13520</value>
         <object_component_ref idref="oc-5db"/>
      </symbol>
      <symbol id="sm-840">
         <name>__TI_frcmpyd</name>
         <value>0x1298e</value>
         <object_component_ref idref="oc-589"/>
      </symbol>
   </symbol_table>
   <title>Link successful</title>
</link_info>
